BL51 BANKED LINKER/LOCATER V5.12                                                        05/13/2010  08:34:16  PAGE 1


BL51 BANKED LINKER/LOCATER V5.12, INVOKED BY:
C:\KEIL\C51\BIN\BL51.EXE .\output\fw.obj, .\output\periph.obj, .\output\dscr.obj, .\USBJmpTb.OBJ, .\EZUSB.LIB TO .\outpu
>> t\keyboard PRINT (.\output\keyboard.m51) RAMSIZE (256) NOOVERLAY CODE (0X0000-0X3FFF) XDATA (0XE000-0XE1FF)


MEMORY MODEL: SMALL


INPUT MODULES INCLUDED:
  .\output\fw.obj (FW)
  .\output\periph.obj (PERIPH)
  .\output\dscr.obj (DSCR)
  .\USBJmpTb.OBJ (USBJMPTBL)
  .\EZUSB.LIB (RESUME)
  .\EZUSB.LIB (DISCON)
  .\EZUSB.LIB (EZREGS)
  .\EZUSB.LIB (I2C)
  .\EZUSB.LIB (GET_STRD)
  .\EZUSB.LIB (SUSP)
  .\EZUSB.LIB (DELAY)
  .\EZUSB.LIB (DELAY1MS)
  C:\KEIL\C51\LIB\C51S.LIB (?C_STARTUP)
  C:\KEIL\C51\LIB\C51S.LIB (?C?CLDOPTR)
  C:\KEIL\C51\LIB\C51S.LIB (?C?CSTOPTR)
  C:\KEIL\C51\LIB\C51S.LIB (?C?ULCMP)
  C:\KEIL\C51\LIB\C51S.LIB (?C?LLDIIDATA)


LINK MAP OF MODULE:  .\output\keyboard (FW)


            TYPE    BASE      LENGTH    RELOCATION   SEGMENT NAME
            -----------------------------------------------------

            * * * * * * *   D A T A   M E M O R Y   * * * * * * *
            REG     0000H     0008H     ABSOLUTE     "REG BANK 0"
            DATA    0008H     0010H     UNIT         ?DT?MAIN?FW
            DATA    0018H     0006H     UNIT         ?DT?I2C
            DATA    001EH     0002H     UNIT         ?DT?_EZUSB_DELAY?DELAY
            BIT     0020H.0   0000H.4   UNIT         ?BI?FW
            BIT     0020H.4   0000H.1   UNIT         ?BI?EZUSB_DISCON?DISCON
                    0020H.5   0000H.3                *** GAP ***
            DATA    0021H     000EH     UNIT         ?DT?FW
            DATA    002FH     000AH     UNIT         ?DT?PERIPH
            DATA    0039H     0004H     UNIT         ?DT?DELAYMS?FW
            IDATA   003DH     0001H     UNIT         ?STACK

            * * * * * * *  X D A T A   M E M O R Y  * * * * * * *
                    0000H     4000H                  *** GAP ***
            XDATA   4000H     8000H     ABSOLUTE     
                    C000H     2000H                  *** GAP ***
            XDATA   E000H     0003H     UNIT         ?XD?PERIPH
                    E003H     03FDH                  *** GAP ***
            XDATA   E400H     0001H     ABSOLUTE     
                    E401H     007FH                  *** GAP ***
            XDATA   E480H     0001H     ABSOLUTE     
                    E481H     008CH                  *** GAP ***
            XDATA   E50DH     0001H     ABSOLUTE     
BL51 BANKED LINKER/LOCATER V5.12                                                      05/13/2010  08:34:16  PAGE 2


                    E50EH     00F2H                  *** GAP ***
            XDATA   E600H     0001H     ABSOLUTE     
            XDATA   E601H     0001H     ABSOLUTE     
            XDATA   E602H     0001H     ABSOLUTE     
            XDATA   E603H     0001H     ABSOLUTE     
            XDATA   E604H     0001H     ABSOLUTE     
            XDATA   E605H     0001H     ABSOLUTE     
            XDATA   E606H     0001H     ABSOLUTE     
            XDATA   E607H     0001H     ABSOLUTE     
            XDATA   E608H     0001H     ABSOLUTE     
            XDATA   E609H     0001H     ABSOLUTE     
            XDATA   E60AH     0001H     ABSOLUTE     
            XDATA   E60BH     0001H     ABSOLUTE     
            XDATA   E60CH     0001H     ABSOLUTE     
                    E60DH     0003H                  *** GAP ***
            XDATA   E610H     0001H     ABSOLUTE     
            XDATA   E611H     0001H     ABSOLUTE     
            XDATA   E612H     0001H     ABSOLUTE     
            XDATA   E613H     0001H     ABSOLUTE     
            XDATA   E614H     0001H     ABSOLUTE     
            XDATA   E615H     0001H     ABSOLUTE     
                    E616H     0002H                  *** GAP ***
            XDATA   E618H     0001H     ABSOLUTE     
            XDATA   E619H     0001H     ABSOLUTE     
            XDATA   E61AH     0001H     ABSOLUTE     
            XDATA   E61BH     0001H     ABSOLUTE     
                    E61CH     0004H                  *** GAP ***
            XDATA   E620H     0001H     ABSOLUTE     
            XDATA   E621H     0001H     ABSOLUTE     
            XDATA   E622H     0001H     ABSOLUTE     
            XDATA   E623H     0001H     ABSOLUTE     
            XDATA   E624H     0001H     ABSOLUTE     
            XDATA   E625H     0001H     ABSOLUTE     
            XDATA   E626H     0001H     ABSOLUTE     
            XDATA   E627H     0001H     ABSOLUTE     
            XDATA   E628H     0001H     ABSOLUTE     
            XDATA   E629H     0001H     ABSOLUTE     
            XDATA   E62AH     0001H     ABSOLUTE     
            XDATA   E62BH     0001H     ABSOLUTE     
            XDATA   E62CH     0001H     ABSOLUTE     
            XDATA   E62DH     0001H     ABSOLUTE     
            XDATA   E62EH     0001H     ABSOLUTE     
            XDATA   E62FH     0001H     ABSOLUTE     
            XDATA   E630H     0001H     ABSOLUTE     
            XDATA   E631H     0001H     ABSOLUTE     
            XDATA   E632H     0001H     ABSOLUTE     
            XDATA   E633H     0001H     ABSOLUTE     
            XDATA   E634H     0001H     ABSOLUTE     
            XDATA   E635H     0001H     ABSOLUTE     
            XDATA   E636H     0001H     ABSOLUTE     
            XDATA   E637H     0001H     ABSOLUTE     
                    E638H     0008H                  *** GAP ***
            XDATA   E640H     0001H     ABSOLUTE     
            XDATA   E641H     0001H     ABSOLUTE     
            XDATA   E642H     0001H     ABSOLUTE     
            XDATA   E643H     0001H     ABSOLUTE     
                    E644H     0004H                  *** GAP ***
BL51 BANKED LINKER/LOCATER V5.12                                                      05/13/2010  08:34:16  PAGE 3


            XDATA   E648H     0001H     ABSOLUTE     
            XDATA   E649H     0001H     ABSOLUTE     
                    E64AH     0006H                  *** GAP ***
            XDATA   E650H     0001H     ABSOLUTE     
            XDATA   E651H     0001H     ABSOLUTE     
            XDATA   E652H     0001H     ABSOLUTE     
            XDATA   E653H     0001H     ABSOLUTE     
            XDATA   E654H     0001H     ABSOLUTE     
            XDATA   E655H     0001H     ABSOLUTE     
            XDATA   E656H     0001H     ABSOLUTE     
            XDATA   E657H     0001H     ABSOLUTE     
            XDATA   E658H     0001H     ABSOLUTE     
            XDATA   E659H     0001H     ABSOLUTE     
            XDATA   E65AH     0001H     ABSOLUTE     
            XDATA   E65BH     0001H     ABSOLUTE     
            XDATA   E65CH     0001H     ABSOLUTE     
            XDATA   E65DH     0001H     ABSOLUTE     
            XDATA   E65EH     0001H     ABSOLUTE     
            XDATA   E65FH     0001H     ABSOLUTE     
            XDATA   E660H     0001H     ABSOLUTE     
            XDATA   E661H     0001H     ABSOLUTE     
            XDATA   E662H     0001H     ABSOLUTE     
            XDATA   E663H     0001H     ABSOLUTE     
            XDATA   E664H     0001H     ABSOLUTE     
            XDATA   E665H     0001H     ABSOLUTE     
            XDATA   E666H     0001H     ABSOLUTE     
            XDATA   E667H     0001H     ABSOLUTE     
            XDATA   E668H     0001H     ABSOLUTE     
                    E669H     0007H                  *** GAP ***
            XDATA   E670H     0001H     ABSOLUTE     
            XDATA   E671H     0001H     ABSOLUTE     
            XDATA   E672H     0001H     ABSOLUTE     
                    E673H     0005H                  *** GAP ***
            XDATA   E678H     0001H     ABSOLUTE     
            XDATA   E679H     0001H     ABSOLUTE     
            XDATA   E67AH     0001H     ABSOLUTE     
            XDATA   E67BH     0001H     ABSOLUTE     
            XDATA   E67CH     0001H     ABSOLUTE     
            XDATA   E67DH     0001H     ABSOLUTE     
            XDATA   E67EH     0001H     ABSOLUTE     
            XDATA   E67FH     0001H     ABSOLUTE     
            XDATA   E680H     0001H     ABSOLUTE     
            XDATA   E681H     0001H     ABSOLUTE     
            XDATA   E682H     0001H     ABSOLUTE     
            XDATA   E683H     0001H     ABSOLUTE     
            XDATA   E684H     0001H     ABSOLUTE     
            XDATA   E685H     0001H     ABSOLUTE     
            XDATA   E686H     0001H     ABSOLUTE     
            XDATA   E687H     0001H     ABSOLUTE     
                    E688H     0002H                  *** GAP ***
            XDATA   E68AH     0001H     ABSOLUTE     
            XDATA   E68BH     0001H     ABSOLUTE     
                    E68CH     0001H                  *** GAP ***
            XDATA   E68DH     0001H     ABSOLUTE     
                    E68EH     0001H                  *** GAP ***
            XDATA   E68FH     0001H     ABSOLUTE     
            XDATA   E690H     0001H     ABSOLUTE     
BL51 BANKED LINKER/LOCATER V5.12                                                      05/13/2010  08:34:16  PAGE 4


            XDATA   E691H     0001H     ABSOLUTE     
                    E692H     0002H                  *** GAP ***
            XDATA   E694H     0001H     ABSOLUTE     
            XDATA   E695H     0001H     ABSOLUTE     
                    E696H     0002H                  *** GAP ***
            XDATA   E698H     0001H     ABSOLUTE     
            XDATA   E699H     0001H     ABSOLUTE     
                    E69AH     0002H                  *** GAP ***
            XDATA   E69CH     0001H     ABSOLUTE     
            XDATA   E69DH     0001H     ABSOLUTE     
                    E69EH     0002H                  *** GAP ***
            XDATA   E6A0H     0001H     ABSOLUTE     
            XDATA   E6A1H     0001H     ABSOLUTE     
            XDATA   E6A2H     0001H     ABSOLUTE     
            XDATA   E6A3H     0001H     ABSOLUTE     
            XDATA   E6A4H     0001H     ABSOLUTE     
            XDATA   E6A5H     0001H     ABSOLUTE     
            XDATA   E6A6H     0001H     ABSOLUTE     
            XDATA   E6A7H     0001H     ABSOLUTE     
            XDATA   E6A8H     0001H     ABSOLUTE     
            XDATA   E6A9H     0001H     ABSOLUTE     
            XDATA   E6AAH     0001H     ABSOLUTE     
            XDATA   E6ABH     0001H     ABSOLUTE     
            XDATA   E6ACH     0001H     ABSOLUTE     
            XDATA   E6ADH     0001H     ABSOLUTE     
            XDATA   E6AEH     0001H     ABSOLUTE     
            XDATA   E6AFH     0001H     ABSOLUTE     
            XDATA   E6B0H     0001H     ABSOLUTE     
            XDATA   E6B1H     0001H     ABSOLUTE     
            XDATA   E6B2H     0001H     ABSOLUTE     
            XDATA   E6B3H     0001H     ABSOLUTE     
            XDATA   E6B4H     0001H     ABSOLUTE     
            XDATA   E6B5H     0001H     ABSOLUTE     
                    E6B6H     0002H                  *** GAP ***
            XDATA   E6B8H     0008H     ABSOLUTE     
            XDATA   E6C0H     0001H     ABSOLUTE     
            XDATA   E6C1H     0001H     ABSOLUTE     
            XDATA   E6C2H     0001H     ABSOLUTE     
            XDATA   E6C3H     0001H     ABSOLUTE     
            XDATA   E6C4H     0001H     ABSOLUTE     
            XDATA   E6C5H     0001H     ABSOLUTE     
            XDATA   E6C6H     0001H     ABSOLUTE     
            XDATA   E6C7H     0001H     ABSOLUTE     
            XDATA   E6C8H     0001H     ABSOLUTE     
            XDATA   E6C9H     0001H     ABSOLUTE     
            XDATA   E6CAH     0001H     ABSOLUTE     
            XDATA   E6CBH     0001H     ABSOLUTE     
            XDATA   E6CCH     0001H     ABSOLUTE     
            XDATA   E6CDH     0001H     ABSOLUTE     
            XDATA   E6CEH     0001H     ABSOLUTE     
            XDATA   E6CFH     0001H     ABSOLUTE     
            XDATA   E6D0H     0001H     ABSOLUTE     
            XDATA   E6D1H     0001H     ABSOLUTE     
            XDATA   E6D2H     0001H     ABSOLUTE     
            XDATA   E6D3H     0001H     ABSOLUTE     
            XDATA   E6D4H     0001H     ABSOLUTE     
                    E6D5H     0005H                  *** GAP ***
BL51 BANKED LINKER/LOCATER V5.12                                                      05/13/2010  08:34:16  PAGE 5


            XDATA   E6DAH     0001H     ABSOLUTE     
            XDATA   E6DBH     0001H     ABSOLUTE     
            XDATA   E6DCH     0001H     ABSOLUTE     
                    E6DDH     0005H                  *** GAP ***
            XDATA   E6E2H     0001H     ABSOLUTE     
            XDATA   E6E3H     0001H     ABSOLUTE     
            XDATA   E6E4H     0001H     ABSOLUTE     
                    E6E5H     0005H                  *** GAP ***
            XDATA   E6EAH     0001H     ABSOLUTE     
            XDATA   E6EBH     0001H     ABSOLUTE     
            XDATA   E6ECH     0001H     ABSOLUTE     
                    E6EDH     0003H                  *** GAP ***
            XDATA   E6F0H     0001H     ABSOLUTE     
            XDATA   E6F1H     0001H     ABSOLUTE     
            XDATA   E6F2H     0001H     ABSOLUTE     
            XDATA   E6F3H     0001H     ABSOLUTE     
            XDATA   E6F4H     0001H     ABSOLUTE     
            XDATA   E6F5H     0001H     ABSOLUTE     
                    E6F6H     0002H                  *** GAP ***
            XDATA   E6F8H     0001H     ABSOLUTE     
            XDATA   E6F9H     0001H     ABSOLUTE     
            XDATA   E6FAH     0001H     ABSOLUTE     
            XDATA   E6FBH     0001H     ABSOLUTE     
            XDATA   E6FCH     0001H     ABSOLUTE     
            XDATA   E6FDH     0001H     ABSOLUTE     
            XDATA   E6FEH     0001H     ABSOLUTE     
                    E6FFH     0041H                  *** GAP ***
            XDATA   E740H     0040H     ABSOLUTE     
            XDATA   E780H     0040H     ABSOLUTE     
            XDATA   E7C0H     0040H     ABSOLUTE     
                    E800H     0800H                  *** GAP ***
            XDATA   F000H     0400H     ABSOLUTE     
            XDATA   F400H     0400H     ABSOLUTE     
            XDATA   F800H     0400H     ABSOLUTE     
            XDATA   FC00H     0400H     ABSOLUTE     

            * * * * * * *   C O D E   M E M O R Y   * * * * * * *
            CODE    0000H     0003H     ABSOLUTE     
            CODE    0003H     002FH     UNIT         ?PR?EZUSB_DISCON?DISCON
            CODE    0032H     0001H     UNIT         ?PR?ISR_EP0ACK?PERIPH
            CODE    0033H     0003H     ABSOLUTE     
            CODE    0036H     000CH     UNIT         ?C_C51STARTUP
            CODE    0042H     0001H     UNIT         ?PR?ISR_STUB?PERIPH
            CODE    0043H     0003H     ABSOLUTE     
            CODE    0046H     0004H     UNIT         ?PR?RESUME_ISR?FW
            CODE    004AH     0001H     UNIT         ?PR?ISR_EP0IN?PERIPH
            CODE    004BH     0003H     ABSOLUTE     
            CODE    004EH     0002H     UNIT         ?PR?TD_SUSPEND?PERIPH
            CODE    0050H     0002H     UNIT         ?PR?TD_RESUME?PERIPH
            CODE    0052H     0001H     UNIT         ?PR?ISR_EP0OUT?PERIPH
            CODE    0053H     0003H     ABSOLUTE     
            CODE    0056H     0237H     UNIT         ?PR?SETUPCOMMAND?FW
            CODE    028DH     016AH     UNIT         ?PR?MAIN?FW
            CODE    03F7H     0108H     UNIT         ?PR?I2C_ISR?I2C
            CODE    04FFH     0001H     UNIT         ?PR?ISR_EP1IN?PERIPH
            CODE    0500H     00D3H     PAGE         DSCR
            CODE    05D3H     002CH     UNIT         ?PR?EZUSB_RESUME?RESUME
BL51 BANKED LINKER/LOCATER V5.12                                                      05/13/2010  08:34:16  PAGE 6


            CODE    05FFH     0001H     UNIT         ?PR?ISR_EP1OUT?PERIPH
            CODE    0600H     00B8H     PAGE         ?PR?USB_JUMP_TABLE?USBJT
            CODE    06B8H     0080H     UNIT         ?C?LIB_CODE
            CODE    0738H     007DH     UNIT         ?PR?TD_POLL?PERIPH
            CODE    07B5H     005DH     UNIT         ?PR?DR_GETDESCRIPTOR?PERIPH
            CODE    0812H     005BH     UNIT         ?PR?EXTMEMTEST?FW
            CODE    086DH     0046H     UNIT         ?PR?_EZUSB_DELAY?DELAY
            CODE    08B3H     003DH     UNIT         ?PR?ISR_HIGHSPEED?PERIPH
            CODE    08F0H     0038H     UNIT         ?PR?_EZUSB_WAITFOREEPROMWRITE?I2C
            CODE    0928H     0036H     UNIT         ?PR?ISR_URES?PERIPH
            CODE    095EH     0034H     UNIT         ?PR?_EZUSB_READI2C_?I2C
            CODE    0992H     0032H     UNIT         ?PR?_EZUSB_WRITEI2C_?I2C
            CODE    09C4H     002BH     UNIT         ?PR?_EZUSB_GETSTRINGDSCR?GET_STRD
            CODE    09EFH     0026H     UNIT         ?PR?TD_INIT?PERIPH
            CODE    0A15H     0025H     UNIT         EZUSB
            CODE    0A3AH     001AH     UNIT         ?CO?FW
            CODE    0A54H     0019H     UNIT         ?PR?DELAYMS?FW
            CODE    0A6DH     0018H     UNIT         ?PR?ISR_SUDAV?PERIPH
            CODE    0A85H     0018H     UNIT         ?PR?ISR_SUSP?PERIPH
            CODE    0A9DH     0016H     UNIT         ?PR?ISR_SUTOK?PERIPH
            CODE    0AB3H     0016H     UNIT         ?PR?ISR_SOF?PERIPH
            CODE    0AC9H     0012H     UNIT         ?PR?DR_GETCONFIGURATION?PERIPH
            CODE    0ADBH     0012H     UNIT         ?PR?DR_GETINTERFACE?PERIPH
            CODE    0AEDH     000BH     UNIT         ?PR?HIGHSPEEDCAPABLE?FW
            CODE    0AF8H     0008H     UNIT         ?PR?DR_SETCONFIGURATION?PERIPH
            CODE    0B00H     0008H     UNIT         ?PR?DR_SETINTERFACE?PERIPH
            CODE    0B08H     0008H     UNIT         ?PR?EZUSB_INITI2C?I2C
            CODE    0B10H     0007H     UNIT         ?PR?CY_IOINIT?FW
            CODE    0B17H     0002H     UNIT         ?PR?DR_GETSTATUS?PERIPH
            CODE    0B19H     0002H     UNIT         ?PR?DR_CLEARFEATURE?PERIPH
            CODE    0B1BH     0002H     UNIT         ?PR?DR_SETFEATURE?PERIPH
            CODE    0B1DH     0002H     UNIT         ?PR?DR_VENDORCMND?PERIPH
            CODE    0B1FH     0001H     UNIT         ?PR?ISR_EP2INOUT?PERIPH
            CODE    0B20H     0001H     UNIT         ?PR?ISR_EP4INOUT?PERIPH
            CODE    0B21H     0001H     UNIT         ?PR?ISR_EP6INOUT?PERIPH
            CODE    0B22H     0001H     UNIT         ?PR?ISR_EP8INOUT?PERIPH
            CODE    0B23H     0001H     UNIT         ?PR?ISR_IBN?PERIPH
            CODE    0B24H     0001H     UNIT         ?PR?ISR_EP0PINGNAK?PERIPH
            CODE    0B25H     0001H     UNIT         ?PR?ISR_EP1PINGNAK?PERIPH
            CODE    0B26H     0001H     UNIT         ?PR?ISR_EP2PINGNAK?PERIPH
            CODE    0B27H     0001H     UNIT         ?PR?ISR_EP4PINGNAK?PERIPH
            CODE    0B28H     0001H     UNIT         ?PR?ISR_EP6PINGNAK?PERIPH
            CODE    0B29H     0001H     UNIT         ?PR?ISR_EP8PINGNAK?PERIPH
            CODE    0B2AH     0001H     UNIT         ?PR?ISR_ERRORLIMIT?PERIPH
            CODE    0B2BH     0001H     UNIT         ?PR?ISR_EP2PIDERROR?PERIPH
            CODE    0B2CH     0001H     UNIT         ?PR?ISR_EP4PIDERROR?PERIPH
            CODE    0B2DH     0001H     UNIT         ?PR?ISR_EP6PIDERROR?PERIPH
            CODE    0B2EH     0001H     UNIT         ?PR?ISR_EP8PIDERROR?PERIPH
            CODE    0B2FH     0001H     UNIT         ?PR?ISR_EP2PFLAG?PERIPH
            CODE    0B30H     0001H     UNIT         ?PR?ISR_EP4PFLAG?PERIPH
            CODE    0B31H     0001H     UNIT         ?PR?ISR_EP6PFLAG?PERIPH
            CODE    0B32H     0001H     UNIT         ?PR?ISR_EP8PFLAG?PERIPH
            CODE    0B33H     0001H     UNIT         ?PR?ISR_EP2EFLAG?PERIPH
            CODE    0B34H     0001H     UNIT         ?PR?ISR_EP4EFLAG?PERIPH
            CODE    0B35H     0001H     UNIT         ?PR?ISR_EP6EFLAG?PERIPH
            CODE    0B36H     0001H     UNIT         ?PR?ISR_EP8EFLAG?PERIPH
            CODE    0B37H     0001H     UNIT         ?PR?ISR_EP2FFLAG?PERIPH
BL51 BANKED LINKER/LOCATER V5.12                                                      05/13/2010  08:34:16  PAGE 7


            CODE    0B38H     0001H     UNIT         ?PR?ISR_EP4FFLAG?PERIPH
            CODE    0B39H     0001H     UNIT         ?PR?ISR_EP6FFLAG?PERIPH
            CODE    0B3AH     0001H     UNIT         ?PR?ISR_EP8FFLAG?PERIPH
            CODE    0B3BH     0001H     UNIT         ?PR?ISR_GPIFCOMPLETE?PERIPH
            CODE    0B3CH     0001H     UNIT         ?PR?ISR_GPIFWAVEFORM?PERIPH



SYMBOL TABLE OF MODULE:  .\output\keyboard (FW)

  VALUE           TYPE          NAME
  ----------------------------------

  -------         MODULE        FW
  C:0000H         SYMBOL        _ICE_DUMMY_
  B:00A8H.7       PUBLIC        EA
  B:0020H.0       PUBLIC        Rwuen
  B:0020H.1       PUBLIC        GotSUD
  C:0A3AH         PUBLIC        EPCS_Offset_Lookup_Table
  C:0AEDH         PUBLIC        HighSpeedCapable
  C:028DH         PUBLIC        main
  C:0B10H         PUBLIC        CY_IOInit
  B:00E8H.0       PUBLIC        EUSB
  C:0A54H         PUBLIC        DelayMs
  C:0046H         PUBLIC        resume_isr
  D:0021H         PUBLIC        pHighSpeedConfigDscr
  X:4000H         PUBLIC        ExtMem
  D:0023H         PUBLIC        pDeviceDscr
  D:00B2H         PUBLIC        OEA
  C:0056H         PUBLIC        SetupCommand
  D:0080H         PUBLIC        IOA
  D:0025H         PUBLIC        pConfigDscr
  D:0090H         PUBLIC        IOB
  D:0027H         PUBLIC        pOtherConfigDscr
  C:0A44H         PUBLIC        LEDSegTabel
  D:0029H         PUBLIC        pFullSpeedConfigDscr
  B:0020H.2       PUBLIC        Selfpwr
  D:002BH         PUBLIC        pDeviceQualDscr
  D:00D8H         PUBLIC        EICON
  D:008EH         PUBLIC        CKCON
  C:0812H         PUBLIC        ExtMemTest
  D:002DH         PUBLIC        pStringDscr
  B:0020H.3       PUBLIC        Sleep
  -------         PROC          CY_IOINIT
  C:0B10H         LINE#         94
  C:0B10H         LINE#         95
  C:0B10H         LINE#         96
  C:0B13H         LINE#         97
  C:0B16H         LINE#         98
  -------         ENDPROC       CY_IOINIT
  -------         PROC          DELAYMS
  -------         DO            
  D:0039H         SYMBOL        t
  -------         ENDDO         
  C:0A54H         LINE#         100
  C:0A54H         LINE#         101
  C:0A54H         LINE#         102
BL51 BANKED LINKER/LOCATER V5.12                                                      05/13/2010  08:34:16  PAGE 8


  C:0A5FH         LINE#         103
  C:0A6CH         LINE#         104
  -------         ENDPROC       DELAYMS
  -------         PROC          EXTMEMTEST
  -------         DO            
  D:0002H         SYMBOL        counter
  -------         ENDDO         
  C:0812H         LINE#         122
  C:0812H         LINE#         123
  C:0812H         LINE#         124
  C:0815H         LINE#         126
  C:0815H         LINE#         127
  C:0815H         LINE#         128
  C:082BH         LINE#         129
  C:0838H         LINE#         130
  C:083BH         LINE#         131
  C:083BH         LINE#         132
  C:083BH         LINE#         133
  C:0857H         LINE#         134
  C:0857H         LINE#         135
  C:0857H         LINE#         136
  C:0857H         LINE#         137
  C:085AH         LINE#         138
  C:085DH         LINE#         139
  C:085FH         LINE#         140
  C:085FH         LINE#         141
  C:086CH         LINE#         142
  -------         ENDPROC       EXTMEMTEST
  -------         PROC          MAIN
  -------         DO            
  D:0008H         SYMBOL        i
  D:0006H         SYMBOL        offset
  D:000CH         SYMBOL        DevDescrLen
  D:0010H         SYMBOL        j
  D:0014H         SYMBOL        IntDescrAddr
  D:0016H         SYMBOL        ExtDescrAddr
  -------         ENDDO         
  C:028DH         LINE#         145
  C:028DH         LINE#         146
  C:028DH         LINE#         150
  C:0296H         LINE#         155
  C:0298H         LINE#         156
  C:029AH         LINE#         157
  C:029CH         LINE#         158
  C:029EH         LINE#         161
  C:02A1H         LINE#         162
  C:02A4H         LINE#         170
  C:02ACH         LINE#         171
  C:02B2H         LINE#         172
  C:02B8H         LINE#         173
  C:02BEH         LINE#         174
  C:02C4H         LINE#         181
  C:02CCH         LINE#         182
  C:02CCH         LINE#         184
  C:02D2H         LINE#         185
  C:02D6H         LINE#         186
  C:02EEH         LINE#         187
BL51 BANKED LINKER/LOCATER V5.12                                                      05/13/2010  08:34:16  PAGE 9


  C:030CH         LINE#         188
  C:033FH         LINE#         191
  C:0345H         LINE#         192
  C:034FH         LINE#         193
  C:035AH         LINE#         194
  C:0365H         LINE#         195
  C:0370H         LINE#         196
  C:037BH         LINE#         197
  C:0386H         LINE#         198
  C:0391H         LINE#         199
  C:0391H         LINE#         201
  C:0393H         LINE#         202
  C:0396H         LINE#         204
  C:039DH         LINE#         206
  C:03A4H         LINE#         207
  C:03A6H         LINE#         212
  C:03ADH         LINE#         213
  C:03ADH         LINE#         214
  C:03B2H         LINE#         215
  C:03B2H         LINE#         221
  C:03B9H         LINE#         223
  C:03BCH         LINE#         226
  C:03BEH         LINE#         229
  C:03BEH         LINE#         230
  C:03BEH         LINE#         232
  C:03C1H         LINE#         234
  C:03C4H         LINE#         235
  C:03C4H         LINE#         236
  C:03C7H         LINE#         237
  C:03C9H         LINE#         238
  C:03C9H         LINE#         245
  C:03CCH         LINE#         246
  C:03CCH         LINE#         247
  C:03D1H         LINE#         248
  C:03D1H         LINE#         249
  C:03D3H         LINE#         251
  C:03D3H         LINE#         252
  C:03D6H         LINE#         253
  C:03D6H         LINE#         254
  C:03EFH         LINE#         259
  C:03F2H         LINE#         260
  C:03F5H         LINE#         261
  C:03F5H         LINE#         262
  C:03F5H         LINE#         264
  -------         ENDPROC       MAIN
  -------         PROC          HIGHSPEEDCAPABLE
  C:0AEDH         LINE#         267
  C:0AEDH         LINE#         268
  C:0AEDH         LINE#         273
  C:0AF4H         LINE#         274
  C:0AF6H         LINE#         276
  C:0AF7H         LINE#         277
  -------         ENDPROC       HIGHSPEEDCAPABLE
  -------         PROC          SETUPCOMMAND
  -------         DO            
  D:0001H         SYMBOL        dscr_ptr
  -------         ENDDO         
BL51 BANKED LINKER/LOCATER V5.12                                                      05/13/2010  08:34:16  PAGE 10


  C:0056H         LINE#         280
  C:0056H         LINE#         281
  C:0056H         LINE#         284
  C:008CH         LINE#         285
  C:008CH         LINE#         286
  C:008CH         LINE#         287
  C:0094H         LINE#         288
  C:00AAH         LINE#         289
  C:00AAH         LINE#         290
  C:00AAH         LINE#         291
  C:00B0H         LINE#         292
  C:00B2H         LINE#         293
  C:00B4H         LINE#         294
  C:00B4H         LINE#         297
  C:00B9H         LINE#         298
  C:00B9H         LINE#         299
  C:00BFH         LINE#         300
  C:00C1H         LINE#         301
  C:00C3H         LINE#         307
  C:00C3H         LINE#         308
  C:00C9H         LINE#         309
  C:00CBH         LINE#         310
  C:00CDH         LINE#         311
  C:00CDH         LINE#         312
  C:00D3H         LINE#         313
  C:00D5H         LINE#         314
  C:00D7H         LINE#         315
  C:00D7H         LINE#         316
  C:00EAH         LINE#         317
  C:00EAH         LINE#         318
  C:00EFH         LINE#         319
  C:00F4H         LINE#         320
  C:00F7H         LINE#         322
  C:00F7H         LINE#         323
  C:00FAH         LINE#         324
  C:00FAH         LINE#         325
  C:00FAH         LINE#         326
  C:00FAH         LINE#         327
  C:00FDH         LINE#         328
  C:00FDH         LINE#         329
  C:0100H         LINE#         330
  C:0103H         LINE#         331
  C:0103H         LINE#         332
  C:0106H         LINE#         333
  C:0109H         LINE#         334
  C:0109H         LINE#         335
  C:010CH         LINE#         336
  C:010FH         LINE#         337
  C:010FH         LINE#         338
  C:0112H         LINE#         339
  C:0115H         LINE#         340
  C:0115H         LINE#         341
  C:011DH         LINE#         342
  C:012CH         LINE#         343
  C:012CH         LINE#         344
  C:012CH         LINE#         345
  C:0138H         LINE#         346
BL51 BANKED LINKER/LOCATER V5.12                                                      05/13/2010  08:34:16  PAGE 11


  C:0138H         LINE#         347
  C:0138H         LINE#         348
  C:0138H         LINE#         349
  C:013AH         LINE#         350
  C:013AH         LINE#         351
  C:013FH         LINE#         352
  C:013FH         LINE#         353
  C:013FH         LINE#         354
  C:013FH         LINE#         355
  C:0141H         LINE#         356
  C:0141H         LINE#         357
  C:017FH         LINE#         358
  C:0182H         LINE#         359
  C:0186H         LINE#         360
  C:018CH         LINE#         361
  C:018FH         LINE#         362
  C:018FH         LINE#         363
  C:018FH         LINE#         364
  C:018FH         LINE#         365
  C:0192H         LINE#         366
  C:0192H         LINE#         367
  C:019AH         LINE#         368
  C:01A9H         LINE#         369
  C:01A9H         LINE#         370
  C:01A9H         LINE#         371
  C:01B0H         LINE#         372
  C:01B5H         LINE#         374
  C:01B5H         LINE#         375
  C:01B8H         LINE#         376
  C:01B8H         LINE#         377
  C:01BEH         LINE#         378
  C:01BEH         LINE#         379
  C:01F9H         LINE#         380
  C:0211H         LINE#         381
  C:0213H         LINE#         383
  C:0213H         LINE#         384
  C:0215H         LINE#         385
  C:0215H         LINE#         386
  C:0215H         LINE#         387
  C:0215H         LINE#         388
  C:021AH         LINE#         389
  C:0226H         LINE#         390
  C:0226H         LINE#         391
  C:0226H         LINE#         392
  C:022DH         LINE#         393
  C:0231H         LINE#         394
  C:0239H         LINE#         400
  C:0239H         LINE#         402
  C:0239H         LINE#         403
  C:023BH         LINE#         404
  C:023BH         LINE#         405
  C:0272H         LINE#         406
  C:0274H         LINE#         407
  C:0274H         LINE#         408
  C:0277H         LINE#         409
  C:0277H         LINE#         410
  C:0279H         LINE#         411
BL51 BANKED LINKER/LOCATER V5.12                                                      05/13/2010  08:34:16  PAGE 12


  C:0279H         LINE#         412
  C:027EH         LINE#         413
  C:0285H         LINE#         414
  C:0285H         LINE#         417
  C:028CH         LINE#         418
  -------         ENDPROC       SETUPCOMMAND
  -------         PROC          RESUME_ISR
  C:0046H         LINE#         421
  C:0046H         LINE#         423
  C:0049H         LINE#         424
  -------         ENDPROC       RESUME_ISR
  -------         ENDMOD        FW

  -------         MODULE        PERIPH
  C:0000H         SYMBOL        _ICE_DUMMY_
  C:0B2AH         PUBLIC        ISR_Errorlimit
  D:0031H         PUBLIC        pReportDscr
  C:0AF8H         PUBLIC        DR_SetConfiguration
  D:0033H         PUBLIC        AlternateSetting
  C:004AH         PUBLIC        ISR_Ep0in
  C:04FFH         PUBLIC        ISR_Ep1in
  C:09EFH         PUBLIC        TD_Init
  C:0052H         PUBLIC        ISR_Ep0out
  C:05FFH         PUBLIC        ISR_Ep1out
  C:0738H         PUBLIC        TD_Poll
  X:E000H         PUBLIC        buttons
  C:0B3BH         PUBLIC        ISR_GpifComplete
  D:0034H         PUBLIC        pReportDscrEnd
  C:0B17H         PUBLIC        DR_GetStatus
  C:0B24H         PUBLIC        ISR_Ep0pingnak
  C:0B25H         PUBLIC        ISR_Ep1pingnak
  C:0B3CH         PUBLIC        ISR_GpifWaveform
  C:0B2BH         PUBLIC        ISR_Ep2piderror
  C:0B26H         PUBLIC        ISR_Ep2pingnak
  C:0B2CH         PUBLIC        ISR_Ep4piderror
  C:0B27H         PUBLIC        ISR_Ep4pingnak
  C:0B2DH         PUBLIC        ISR_Ep6piderror
  C:0B28H         PUBLIC        ISR_Ep6pingnak
  X:E001H         PUBLIC        leds
  C:0B2EH         PUBLIC        ISR_Ep8piderror
  C:0B29H         PUBLIC        ISR_Ep8pingnak
  D:009AH         PUBLIC        AUTOPTRH1
  D:0091H         PUBLIC        EXIF
  C:0ADBH         PUBLIC        DR_GetInterface
  D:009BH         PUBLIC        AUTOPTRL1
  C:0B19H         PUBLIC        DR_ClearFeature
  C:0B33H         PUBLIC        ISR_Ep2eflag
  C:0B37H         PUBLIC        ISR_Ep2fflag
  C:0B34H         PUBLIC        ISR_Ep4eflag
  C:0B00H         PUBLIC        DR_SetInterface
  C:0B38H         PUBLIC        ISR_Ep4fflag
  C:0B35H         PUBLIC        ISR_Ep6eflag
  C:0B39H         PUBLIC        ISR_Ep6fflag
  C:07B5H         PUBLIC        DR_GetDescriptor
  C:0B36H         PUBLIC        ISR_Ep8eflag
  C:0B3AH         PUBLIC        ISR_Ep8fflag
  C:0B2FH         PUBLIC        ISR_Ep2pflag
BL51 BANKED LINKER/LOCATER V5.12                                                      05/13/2010  08:34:16  PAGE 13


  C:0B30H         PUBLIC        ISR_Ep4pflag
  C:0B31H         PUBLIC        ISR_Ep6pflag
  C:0B32H         PUBLIC        ISR_Ep8pflag
  C:0A6DH         PUBLIC        ISR_Sudav
  X:E002H         PUBLIC        oldbuttons
  D:0036H         PUBLIC        pHIDDscr
  D:0080H         PUBLIC        IOA
  D:0090H         PUBLIC        IOB
  C:004EH         PUBLIC        TD_Suspend
  D:0038H         PUBLIC        Configuration
  C:0032H         PUBLIC        ISR_Ep0ack
  C:08B3H         PUBLIC        ISR_Highspeed
  C:0A9DH         PUBLIC        ISR_Sutok
  C:0B23H         PUBLIC        ISR_Ibn
  C:0B1FH         PUBLIC        ISR_Ep2inout
  C:0B20H         PUBLIC        ISR_Ep4inout
  C:0B1DH         PUBLIC        DR_VendorCmnd
  C:0050H         PUBLIC        TD_Resume
  C:0B21H         PUBLIC        ISR_Ep6inout
  C:0042H         PUBLIC        ISR_Stub
  C:0B22H         PUBLIC        ISR_Ep8inout
  C:0928H         PUBLIC        ISR_Ures
  C:0B1BH         PUBLIC        DR_SetFeature
  C:0AB3H         PUBLIC        ISR_Sof
  C:0AC9H         PUBLIC        DR_GetConfiguration
  C:0A85H         PUBLIC        ISR_Susp
  -------         PROC          TD_INIT
  C:09EFH         LINE#         67
  C:09EFH         LINE#         68
  C:09EFH         LINE#         69
  C:09F5H         LINE#         70
  C:09F7H         LINE#         72
  C:09FDH         LINE#         73
  C:0A01H         LINE#         75
  C:0A12H         LINE#         77
  -------         ENDPROC       TD_INIT
  -------         PROC          TD_POLL
  -------         DO            
  D:002FH         SYMBOL        keys
  D:0030H         SYMBOL        oldkeys
  -------         ENDDO         
  C:0738H         LINE#         83
  C:0738H         LINE#         84
  C:0738H         LINE#         88
  C:073FH         LINE#         89
  C:073FH         LINE#         90
  C:0745H         LINE#         92
  C:074CH         LINE#         93
  C:074CH         LINE#         95
  C:0751H         LINE#         96
  C:0758H         LINE#         98
  C:0758H         LINE#         99
  C:075EH         LINE#         100
  C:0761H         LINE#         101
  C:0761H         LINE#         103
  C:0766H         LINE#         104
  C:076DH         LINE#         106
BL51 BANKED LINKER/LOCATER V5.12                                                      05/13/2010  08:34:16  PAGE 14


  C:076DH         LINE#         107
  C:0773H         LINE#         108
  C:0776H         LINE#         109
  C:0776H         LINE#         111
  C:077BH         LINE#         112
  C:0781H         LINE#         113
  C:0781H         LINE#         114
  C:0781H         LINE#         115
  C:0784H         LINE#         117
  C:078BH         LINE#         118
  C:078BH         LINE#         119
  C:0791H         LINE#         121
  C:0798H         LINE#         122
  C:079BH         LINE#         123
  C:07A2H         LINE#         124
  C:07A5H         LINE#         125
  C:07ACH         LINE#         126
  C:07AFH         LINE#         127
  C:07B4H         LINE#         128
  C:07B4H         LINE#         129
  -------         ENDPROC       TD_POLL
  -------         PROC          TD_SUSPEND
  C:004EH         LINE#         132
  C:004EH         LINE#         133
  C:004EH         LINE#         134
  C:004FH         LINE#         135
  -------         ENDPROC       TD_SUSPEND
  -------         PROC          TD_RESUME
  C:0050H         LINE#         137
  C:0050H         LINE#         138
  C:0050H         LINE#         139
  C:0051H         LINE#         140
  -------         ENDPROC       TD_RESUME
  -------         PROC          DR_GETDESCRIPTOR
  -------         DO            
  D:0004H         SYMBOL        length
  D:0007H         SYMBOL        i
  -------         ENDDO         
  C:07B5H         LINE#         147
  C:07B5H         LINE#         148
  C:07B5H         LINE#         151
  C:07BBH         LINE#         152
  C:07C1H         LINE#         153
  C:07C7H         LINE#         155
  C:07D2H         LINE#         156
  C:07D2H         LINE#         157
  C:07D2H         LINE#         158
  C:07D8H         LINE#         159
  C:07DEH         LINE#         160
  C:07E0H         LINE#         161
  C:07E0H         LINE#         162
  C:07E7H         LINE#         164
  C:07EBH         LINE#         165
  C:07EEH         LINE#         167
  C:07F5H         LINE#         168
  C:0809H         LINE#         170
  C:080EH         LINE#         171
BL51 BANKED LINKER/LOCATER V5.12                                                      05/13/2010  08:34:16  PAGE 15


  C:0810H         LINE#         172
  C:0810H         LINE#         173
  C:0811H         LINE#         174
  C:0811H         LINE#         175
  -------         ENDPROC       DR_GETDESCRIPTOR
  -------         PROC          DR_SETCONFIGURATION
  C:0AF8H         LINE#         177
  C:0AF8H         LINE#         178
  C:0AF8H         LINE#         179
  C:0AFEH         LINE#         180
  C:0AFFH         LINE#         181
  -------         ENDPROC       DR_SETCONFIGURATION
  -------         PROC          DR_GETCONFIGURATION
  C:0AC9H         LINE#         183
  C:0AC9H         LINE#         184
  C:0AC9H         LINE#         185
  C:0ACFH         LINE#         186
  C:0AD4H         LINE#         187
  C:0AD9H         LINE#         188
  C:0ADAH         LINE#         189
  -------         ENDPROC       DR_GETCONFIGURATION
  -------         PROC          DR_SETINTERFACE
  C:0B00H         LINE#         191
  C:0B00H         LINE#         192
  C:0B00H         LINE#         193
  C:0B06H         LINE#         194
  C:0B07H         LINE#         195
  -------         ENDPROC       DR_SETINTERFACE
  -------         PROC          DR_GETINTERFACE
  C:0ADBH         LINE#         197
  C:0ADBH         LINE#         198
  C:0ADBH         LINE#         199
  C:0AE1H         LINE#         200
  C:0AE6H         LINE#         201
  C:0AEBH         LINE#         202
  C:0AECH         LINE#         203
  -------         ENDPROC       DR_GETINTERFACE
  -------         PROC          DR_GETSTATUS
  C:0B17H         LINE#         205
  C:0B17H         LINE#         206
  C:0B17H         LINE#         207
  C:0B18H         LINE#         208
  -------         ENDPROC       DR_GETSTATUS
  -------         PROC          DR_CLEARFEATURE
  C:0B19H         LINE#         210
  C:0B19H         LINE#         211
  C:0B19H         LINE#         212
  C:0B1AH         LINE#         213
  -------         ENDPROC       DR_CLEARFEATURE
  -------         PROC          DR_SETFEATURE
  C:0B1BH         LINE#         215
  C:0B1BH         LINE#         216
  C:0B1BH         LINE#         217
  C:0B1CH         LINE#         218
  -------         ENDPROC       DR_SETFEATURE
  -------         PROC          DR_VENDORCMND
  C:0B1DH         LINE#         220
BL51 BANKED LINKER/LOCATER V5.12                                                      05/13/2010  08:34:16  PAGE 16


  C:0B1DH         LINE#         221
  C:0B1DH         LINE#         222
  C:0B1EH         LINE#         223
  -------         ENDPROC       DR_VENDORCMND
  -------         PROC          ISR_SUDAV
  C:0A6DH         LINE#         231
  C:0A73H         LINE#         233
  C:0A75H         LINE#         234
  C:0A78H         LINE#         235
  C:0A7EH         LINE#         236
  -------         ENDPROC       ISR_SUDAV
  -------         PROC          ISR_SUTOK
  C:0A9DH         LINE#         239
  C:0AA3H         LINE#         241
  C:0AA6H         LINE#         242
  C:0AACH         LINE#         243
  -------         ENDPROC       ISR_SUTOK
  -------         PROC          ISR_SOF
  C:0AB3H         LINE#         245
  C:0AB9H         LINE#         247
  C:0ABCH         LINE#         248
  C:0AC2H         LINE#         249
  -------         ENDPROC       ISR_SOF
  -------         PROC          ISR_URES
  C:0928H         LINE#         251
  C:092EH         LINE#         254
  C:0934H         LINE#         255
  C:093EH         LINE#         256
  C:0944H         LINE#         257
  C:094EH         LINE#         259
  C:0951H         LINE#         260
  C:0957H         LINE#         261
  -------         ENDPROC       ISR_URES
  -------         PROC          ISR_SUSP
  C:0A85H         LINE#         263
  C:0A8BH         LINE#         265
  C:0A8DH         LINE#         266
  C:0A90H         LINE#         267
  C:0A96H         LINE#         268
  -------         ENDPROC       ISR_SUSP
  -------         PROC          ISR_HIGHSPEED
  C:08B3H         LINE#         270
  C:08B9H         LINE#         272
  C:08C0H         LINE#         273
  C:08C0H         LINE#         274
  C:08C6H         LINE#         275
  C:08D0H         LINE#         276
  C:08D6H         LINE#         277
  C:08E0H         LINE#         278
  C:08E0H         LINE#         280
  C:08E3H         LINE#         281
  C:08E9H         LINE#         282
  -------         ENDPROC       ISR_HIGHSPEED
  -------         PROC          ISR_EP0ACK
  C:0032H         LINE#         283
  C:0032H         LINE#         285
  -------         ENDPROC       ISR_EP0ACK
BL51 BANKED LINKER/LOCATER V5.12                                                      05/13/2010  08:34:16  PAGE 17


  -------         PROC          ISR_STUB
  C:0042H         LINE#         286
  C:0042H         LINE#         288
  -------         ENDPROC       ISR_STUB
  -------         PROC          ISR_EP0IN
  C:004AH         LINE#         289
  C:004AH         LINE#         291
  -------         ENDPROC       ISR_EP0IN
  -------         PROC          ISR_EP0OUT
  C:0052H         LINE#         292
  C:0052H         LINE#         294
  -------         ENDPROC       ISR_EP0OUT
  -------         PROC          ISR_EP1IN
  C:04FFH         LINE#         295
  C:04FFH         LINE#         299
  -------         ENDPROC       ISR_EP1IN
  -------         PROC          ISR_EP1OUT
  C:05FFH         LINE#         300
  C:05FFH         LINE#         302
  -------         ENDPROC       ISR_EP1OUT
  -------         PROC          ISR_EP2INOUT
  C:0B1FH         LINE#         303
  C:0B1FH         LINE#         305
  -------         ENDPROC       ISR_EP2INOUT
  -------         PROC          ISR_EP4INOUT
  C:0B20H         LINE#         306
  C:0B20H         LINE#         308
  -------         ENDPROC       ISR_EP4INOUT
  -------         PROC          ISR_EP6INOUT
  C:0B21H         LINE#         309
  C:0B21H         LINE#         311
  -------         ENDPROC       ISR_EP6INOUT
  -------         PROC          ISR_EP8INOUT
  C:0B22H         LINE#         312
  C:0B22H         LINE#         314
  -------         ENDPROC       ISR_EP8INOUT
  -------         PROC          ISR_IBN
  C:0B23H         LINE#         315
  C:0B23H         LINE#         317
  -------         ENDPROC       ISR_IBN
  -------         PROC          ISR_EP0PINGNAK
  C:0B24H         LINE#         318
  C:0B24H         LINE#         320
  -------         ENDPROC       ISR_EP0PINGNAK
  -------         PROC          ISR_EP1PINGNAK
  C:0B25H         LINE#         321
  C:0B25H         LINE#         323
  -------         ENDPROC       ISR_EP1PINGNAK
  -------         PROC          ISR_EP2PINGNAK
  C:0B26H         LINE#         324
  C:0B26H         LINE#         326
  -------         ENDPROC       ISR_EP2PINGNAK
  -------         PROC          ISR_EP4PINGNAK
  C:0B27H         LINE#         327
  C:0B27H         LINE#         329
  -------         ENDPROC       ISR_EP4PINGNAK
  -------         PROC          ISR_EP6PINGNAK
BL51 BANKED LINKER/LOCATER V5.12                                                      05/13/2010  08:34:16  PAGE 18


  C:0B28H         LINE#         330
  C:0B28H         LINE#         332
  -------         ENDPROC       ISR_EP6PINGNAK
  -------         PROC          ISR_EP8PINGNAK
  C:0B29H         LINE#         333
  C:0B29H         LINE#         335
  -------         ENDPROC       ISR_EP8PINGNAK
  -------         PROC          ISR_ERRORLIMIT
  C:0B2AH         LINE#         336
  C:0B2AH         LINE#         338
  -------         ENDPROC       ISR_ERRORLIMIT
  -------         PROC          ISR_EP2PIDERROR
  C:0B2BH         LINE#         339
  C:0B2BH         LINE#         341
  -------         ENDPROC       ISR_EP2PIDERROR
  -------         PROC          ISR_EP4PIDERROR
  C:0B2CH         LINE#         342
  C:0B2CH         LINE#         344
  -------         ENDPROC       ISR_EP4PIDERROR
  -------         PROC          ISR_EP6PIDERROR
  C:0B2DH         LINE#         345
  C:0B2DH         LINE#         347
  -------         ENDPROC       ISR_EP6PIDERROR
  -------         PROC          ISR_EP8PIDERROR
  C:0B2EH         LINE#         348
  C:0B2EH         LINE#         350
  -------         ENDPROC       ISR_EP8PIDERROR
  -------         PROC          ISR_EP2PFLAG
  C:0B2FH         LINE#         351
  C:0B2FH         LINE#         353
  -------         ENDPROC       ISR_EP2PFLAG
  -------         PROC          ISR_EP4PFLAG
  C:0B30H         LINE#         354
  C:0B30H         LINE#         356
  -------         ENDPROC       ISR_EP4PFLAG
  -------         PROC          ISR_EP6PFLAG
  C:0B31H         LINE#         357
  C:0B31H         LINE#         359
  -------         ENDPROC       ISR_EP6PFLAG
  -------         PROC          ISR_EP8PFLAG
  C:0B32H         LINE#         360
  C:0B32H         LINE#         362
  -------         ENDPROC       ISR_EP8PFLAG
  -------         PROC          ISR_EP2EFLAG
  C:0B33H         LINE#         363
  C:0B33H         LINE#         365
  -------         ENDPROC       ISR_EP2EFLAG
  -------         PROC          ISR_EP4EFLAG
  C:0B34H         LINE#         366
  C:0B34H         LINE#         368
  -------         ENDPROC       ISR_EP4EFLAG
  -------         PROC          ISR_EP6EFLAG
  C:0B35H         LINE#         369
  C:0B35H         LINE#         371
  -------         ENDPROC       ISR_EP6EFLAG
  -------         PROC          ISR_EP8EFLAG
  C:0B36H         LINE#         372
BL51 BANKED LINKER/LOCATER V5.12                                                      05/13/2010  08:34:16  PAGE 19


  C:0B36H         LINE#         374
  -------         ENDPROC       ISR_EP8EFLAG
  -------         PROC          ISR_EP2FFLAG
  C:0B37H         LINE#         375
  C:0B37H         LINE#         377
  -------         ENDPROC       ISR_EP2FFLAG
  -------         PROC          ISR_EP4FFLAG
  C:0B38H         LINE#         378
  C:0B38H         LINE#         380
  -------         ENDPROC       ISR_EP4FFLAG
  -------         PROC          ISR_EP6FFLAG
  C:0B39H         LINE#         381
  C:0B39H         LINE#         383
  -------         ENDPROC       ISR_EP6FFLAG
  -------         PROC          ISR_EP8FFLAG
  C:0B3AH         LINE#         384
  C:0B3AH         LINE#         386
  -------         ENDPROC       ISR_EP8FFLAG
  -------         PROC          ISR_GPIFCOMPLETE
  C:0B3BH         LINE#         387
  C:0B3BH         LINE#         389
  -------         ENDPROC       ISR_GPIFCOMPLETE
  -------         PROC          ISR_GPIFWAVEFORM
  C:0B3CH         LINE#         390
  C:0B3CH         LINE#         392
  -------         ENDPROC       ISR_GPIFWAVEFORM
  -------         ENDMOD        PERIPH

  -------         MODULE        DSCR
  C:0500H         SEGMENT       DSCR
  C:0500H         PUBLIC        DEVICEDSCR
  C:0512H         PUBLIC        DEVICEQUALDSCR
  C:0546H         PUBLIC        FULLSPEEDCONFIGDSCR
  C:052EH         PUBLIC        HIDDSCR
  C:0592H         PUBLIC        HIDREPORTDSCR
  C:05D1H         PUBLIC        HIDREPORTDSCREND
  C:051CH         PUBLIC        HIGHSPEEDCONFIGDSCR
  C:0570H         PUBLIC        STRINGDSCR
  C:05D1H         PUBLIC        USERDSCR
  N:0002H         SYMBOL        DSCR_CONFIG
  N:0009H         SYMBOL        DSCR_CONFIG_LEN
  N:0001H         SYMBOL        DSCR_DEVICE
  N:0012H         SYMBOL        DSCR_DEVICE_LEN
  N:0006H         SYMBOL        DSCR_DEVQUAL
  N:000AH         SYMBOL        DSCR_DEVQUAL_LEN
  N:0005H         SYMBOL        DSCR_ENDPNT
  N:0007H         SYMBOL        DSCR_ENDPNT_LEN
  N:0004H         SYMBOL        DSCR_INTRFC
  N:0009H         SYMBOL        DSCR_INTRFC_LEN
  N:0003H         SYMBOL        DSCR_STRING
  N:0002H         SYMBOL        ET_BULK
  N:0000H         SYMBOL        ET_CONTROL
  N:0003H         SYMBOL        ET_INT
  N:0001H         SYMBOL        ET_ISO
  C:056FH         SYMBOL        FULLSPEEDCONFIGDSCREND
  C:0537H         SYMBOL        HIDDSCREND
  C:0545H         SYMBOL        HIGHSPEEDCONFIGDSCREND
BL51 BANKED LINKER/LOCATER V5.12                                                      05/13/2010  08:34:16  PAGE 20


  C:0570H         SYMBOL        STRINGDSCR0
  C:0574H         SYMBOL        STRINGDSCR0END
  C:0574H         SYMBOL        STRINGDSCR1
  C:0584H         SYMBOL        STRINGDSCR1END
  C:0584H         SYMBOL        STRINGDSCR2
  C:0592H         SYMBOL        STRINGDSCR2END
  -------         ENDMOD        DSCR

  -------         MODULE        USBJMPTBL
  C:0600H         SEGMENT       ?PR?USB_JUMP_TABLE?USBJT
  N:0045H         PUBLIC        USB_INT2AUTOVECTOR
  N:0055H         PUBLIC        USB_INT4AUTOVECTOR
  C:0600H         PUBLIC        USB_JUMP_TABLE
  N:0000H         SYMBOL        USBJMPTBL
  C:0043H         LINE#         49
  C:0053H         LINE#         53
  C:0600H         LINE#         61
  C:0604H         LINE#         63
  C:0608H         LINE#         65
  C:060CH         LINE#         67
  C:0610H         LINE#         69
  C:0614H         LINE#         71
  C:0618H         LINE#         73
  C:061CH         LINE#         75
  C:0620H         LINE#         77
  C:0624H         LINE#         79
  C:0628H         LINE#         81
  C:062CH         LINE#         83
  C:0630H         LINE#         85
  C:0634H         LINE#         87
  C:0638H         LINE#         89
  C:063CH         LINE#         91
  C:0640H         LINE#         93
  C:0644H         LINE#         95
  C:0648H         LINE#         97
  C:064CH         LINE#         99
  C:0650H         LINE#         101
  C:0654H         LINE#         103
  C:0658H         LINE#         105
  C:065CH         LINE#         107
  C:0660H         LINE#         109
  C:0664H         LINE#         111
  C:0668H         LINE#         113
  C:066CH         LINE#         115
  C:0670H         LINE#         117
  C:0674H         LINE#         119
  C:0678H         LINE#         121
  C:067CH         LINE#         123
  C:0680H         LINE#         126
  C:0684H         LINE#         128
  C:0688H         LINE#         130
  C:068CH         LINE#         132
  C:0690H         LINE#         134
  C:0694H         LINE#         136
  C:0698H         LINE#         138
  C:069CH         LINE#         140
  C:06A0H         LINE#         142
BL51 BANKED LINKER/LOCATER V5.12                                                      05/13/2010  08:34:16  PAGE 21


  C:06A4H         LINE#         144
  C:06A8H         LINE#         146
  C:06ACH         LINE#         148
  C:06B0H         LINE#         150
  C:06B4H         LINE#         152
  -------         ENDMOD        USBJMPTBL

  -------         MODULE        RESUME
  C:0000H         SYMBOL        _ICE_DUMMY_
  C:05D3H         PUBLIC        EZUSB_Resume
  -------         PROC          EZUSB_RESUME
  C:05D3H         LINE#         38
  C:05D3H         LINE#         39
  C:05D3H         LINE#         40
  C:05E9H         LINE#         42
  C:05E9H         LINE#         43
  C:05F0H         LINE#         44
  C:05F7H         LINE#         45
  C:05FEH         LINE#         46
  C:05FEH         LINE#         47
  -------         ENDPROC       EZUSB_RESUME
  -------         ENDMOD        RESUME

  -------         MODULE        DISCON
  C:0000H         SYMBOL        _ICE_DUMMY_
  D:0091H         PUBLIC        EXIF
  C:0003H         PUBLIC        EZUSB_Discon
  -------         PROC          EZUSB_DISCON
  B:0020H.4       SYMBOL        renum
  C:0003H         LINE#         39
  C:0003H         LINE#         40
  C:0003H         LINE#         42
  C:0006H         LINE#         43
  C:000FH         LINE#         45
  C:0016H         LINE#         47
  C:001DH         LINE#         49
  C:0023H         LINE#         50
  C:0027H         LINE#         51
  C:002AH         LINE#         53
  C:0031H         LINE#         54
  -------         ENDPROC       EZUSB_DISCON
  -------         ENDMOD        DISCON

  -------         MODULE        EZREGS
  C:0000H         SYMBOL        _ICE_DUMMY_
  X:E652H         PUBLIC        EP4FIFOIE
  X:E668H         PUBLIC        INTSETUP
  X:E600H         PUBLIC        CPUCS
  X:E654H         PUBLIC        EP6FIFOIE
  X:E680H         PUBLIC        USBCS
  X:E65FH         PUBLIC        EPIRQ
  X:E656H         PUBLIC        EP8FIFOIE
  X:E6F2H         PUBLIC        XGPIFSGLDATLNOX
  X:E6C0H         PUBLIC        GPIFWFSELECT
  X:E6F0H         PUBLIC        XGPIFSGLDATH
  X:E605H         PUBLIC        BREAKPT
  X:E609H         PUBLIC        FIFOPINPOLAR
BL51 BANKED LINKER/LOCATER V5.12                                                      05/13/2010  08:34:16  PAGE 22


  X:E640H         PUBLIC        EP2ISOINPKTS
  X:E678H         PUBLIC        I2CS
  X:E610H         PUBLIC        EP1OUTCFG
  X:E6F9H         PUBLIC        TESTCFG
  X:E641H         PUBLIC        EP4ISOINPKTS
  X:E68AH         PUBLIC        EP0BCH
  X:E661H         PUBLIC        GPIFIRQ
  X:E642H         PUBLIC        EP6ISOINPKTS
  X:E690H         PUBLIC        EP2BCH
  X:E643H         PUBLIC        EP8ISOINPKTS
  X:E694H         PUBLIC        EP4BCH
  X:E68BH         PUBLIC        EP0BCL
  X:E612H         PUBLIC        EP2CFG
  X:E698H         PUBLIC        EP6BCH
  X:E691H         PUBLIC        EP2BCL
  X:E613H         PUBLIC        EP4CFG
  X:E6A7H         PUBLIC        EP2FIFOFLGS
  X:E69CH         PUBLIC        EP8BCH
  X:E695H         PUBLIC        EP4BCL
  X:E628H         PUBLIC        ECCCFG
  X:E614H         PUBLIC        EP6CFG
  X:E6A8H         PUBLIC        EP4FIFOFLGS
  X:E699H         PUBLIC        EP6BCL
  X:E780H         PUBLIC        EP1OUTBUF
  X:E67BH         PUBLIC        XAUTODAT1
  X:E615H         PUBLIC        EP8CFG
  X:E6A9H         PUBLIC        EP6FIFOFLGS
  X:E69DH         PUBLIC        EP8BCL
  X:E67CH         PUBLIC        XAUTODAT2
  X:E684H         PUBLIC        USBFRAMEH
  X:E6F5H         PUBLIC        GPIFABORT
  X:E6AAH         PUBLIC        EP8FIFOFLGS
  X:E6F8H         PUBLIC        DBUG
  X:E740H         PUBLIC        EP0BUF
  X:E6CBH         PUBLIC        FLOWSTB
  X:E65EH         PUBLIC        EPIE
  X:E685H         PUBLIC        USBFRAMEL
  X:E681H         PUBLIC        SUSPEND
  X:E60CH         PUBLIC        GPIFHOLDAMOUNT
  X:E6D4H         PUBLIC        EP2GPIFTRIG
  X:E6C7H         PUBLIC        FLOWLOGIC
  X:E6DCH         PUBLIC        EP4GPIFTRIG
  X:E604H         PUBLIC        FIFORESET
  X:E6E4H         PUBLIC        EP6GPIFTRIG
  X:E6C2H         PUBLIC        GPIFIDLECTL
  X:E6FAH         PUBLIC        USBTEST
  X:E6B3H         PUBLIC        SUDPTRH
  X:E6ECH         PUBLIC        EP8GPIFTRIG
  X:E6D2H         PUBLIC        EP2GPIFFLGSEL
  X:E611H         PUBLIC        EP1INCFG
  X:E6B4H         PUBLIC        SUDPTRL
  X:E687H         PUBLIC        FNADDR
  X:E6DAH         PUBLIC        EP4GPIFFLGSEL
  X:E6D1H         PUBLIC        GPIFTCB0
  X:E6CDH         PUBLIC        FLOWSTBHPERIOD
  X:E6D0H         PUBLIC        GPIFTCB1
  X:E665H         PUBLIC        CLRERRCNT
BL51 BANKED LINKER/LOCATER V5.12                                                      05/13/2010  08:34:16  PAGE 23


  X:E6E2H         PUBLIC        EP6GPIFFLGSEL
  X:E6CFH         PUBLIC        GPIFTCB2
  X:E664H         PUBLIC        ERRCNTLIM
  X:E6CEH         PUBLIC        GPIFTCB3
  X:E6EAH         PUBLIC        EP8GPIFFLGSEL
  X:E660H         PUBLIC        GPIFIE
  X:E67FH         PUBLIC        UDMACRCQUAL
  X:E400H         PUBLIC        GPIF_WAVE_DATA
  X:E6CCH         PUBLIC        FLOWSTBEDGE
  X:E6ABH         PUBLIC        EP2FIFOBCH
  X:E7C0H         PUBLIC        EP1INBUF
  X:E6C6H         PUBLIC        FLOWSTATE
  X:E6ADH         PUBLIC        EP4FIFOBCH
  X:E6CAH         PUBLIC        FLOWHOLDOFF
  X:E618H         PUBLIC        EP2FIFOCFG
  X:E6AFH         PUBLIC        EP6FIFOBCH
  X:E6ACH         PUBLIC        EP2FIFOBCL
  X:E619H         PUBLIC        EP4FIFOCFG
  X:E6B1H         PUBLIC        EP8FIFOBCH
  X:E6AEH         PUBLIC        EP4FIFOBCL
  X:E649H         PUBLIC        OUTPKTEND
  X:E663H         PUBLIC        USBERRIRQ
  X:E61AH         PUBLIC        EP6FIFOCFG
  X:E6B0H         PUBLIC        EP6FIFOBCL
  X:E620H         PUBLIC        EP2AUTOINLENH
  X:E61BH         PUBLIC        EP8FIFOCFG
  X:E6B2H         PUBLIC        EP8FIFOBCL
  X:E68DH         PUBLIC        EP1OUTBC
  X:E622H         PUBLIC        EP4AUTOINLENH
  X:E666H         PUBLIC        INT2IVEC
  X:E659H         PUBLIC        IBNIRQ
  X:E6FBH         PUBLIC        CT1
  X:E6C4H         PUBLIC        GPIFADRH
  X:E65BH         PUBLIC        NAKIRQ
  X:E624H         PUBLIC        EP6AUTOINLENH
  X:E621H         PUBLIC        EP2AUTOINLENL
  X:E601H         PUBLIC        IFCONFIG
  X:E6FCH         PUBLIC        CT2
  X:E6B5H         PUBLIC        SUDPTRCTL
  X:E667H         PUBLIC        INT4IVEC
  X:E6FDH         PUBLIC        CT3
  X:E67DH         PUBLIC        UDMACRCH
  X:E626H         PUBLIC        EP8AUTOINLENH
  X:E623H         PUBLIC        EP4AUTOINLENL
  X:E6FEH         PUBLIC        CT4
  X:F000H         PUBLIC        EP2FIFOBUF
  X:E6C5H         PUBLIC        GPIFADRL
  X:E625H         PUBLIC        EP6AUTOINLENL
  X:E630H         PUBLIC        EP2FIFOPFH
  X:F400H         PUBLIC        EP4FIFOBUF
  X:E67EH         PUBLIC        UDMACRCL
  X:E627H         PUBLIC        EP8AUTOINLENL
  X:E6D3H         PUBLIC        EP2GPIFPFSTOP
  X:E683H         PUBLIC        TOGCTL
  X:E632H         PUBLIC        EP4FIFOPFH
  X:F800H         PUBLIC        EP6FIFOBUF
  X:E629H         PUBLIC        ECCRESET
BL51 BANKED LINKER/LOCATER V5.12                                                      05/13/2010  08:34:16  PAGE 24


  X:E6DBH         PUBLIC        EP4GPIFPFSTOP
  X:E634H         PUBLIC        EP6FIFOPFH
  X:E631H         PUBLIC        EP2FIFOPFL
  X:FC00H         PUBLIC        EP8FIFOBUF
  X:E60BH         PUBLIC        REVCTL
  X:E6E3H         PUBLIC        EP6GPIFPFSTOP
  X:E636H         PUBLIC        EP8FIFOPFH
  X:E633H         PUBLIC        EP4FIFOPFL
  X:E608H         PUBLIC        UART230
  X:E480H         PUBLIC        RES_WAVEDATA_END
  X:E6EBH         PUBLIC        EP8GPIFPFSTOP
  X:E679H         PUBLIC        I2DAT
  X:E635H         PUBLIC        EP6FIFOPFL
  X:E6A1H         PUBLIC        EP1OUTCS
  X:E637H         PUBLIC        EP8FIFOPFL
  X:E65DH         PUBLIC        USBIRQ
  X:E670H         PUBLIC        PORTACFG
  X:E671H         PUBLIC        PORTCCFG
  X:E651H         PUBLIC        EP2FIFOIRQ
  X:E602H         PUBLIC        PINFLAGSAB
  X:E6A0H         PUBLIC        EP0CS
  X:E6F4H         PUBLIC        GPIFREADYSTAT
  X:E6C3H         PUBLIC        GPIFCTLCFG
  X:E672H         PUBLIC        PORTECFG
  X:E653H         PUBLIC        EP4FIFOIRQ
  X:E6C1H         PUBLIC        GPIFIDLECS
  X:E6A3H         PUBLIC        EP2CS
  X:E50DH         PUBLIC        GPCR2
  X:E67AH         PUBLIC        I2CTL
  X:E655H         PUBLIC        EP6FIFOIRQ
  X:E603H         PUBLIC        PINFLAGSCD
  X:E6A4H         PUBLIC        EP4CS
  X:E648H         PUBLIC        INPKTEND
  X:E657H         PUBLIC        EP8FIFOIRQ
  X:E6A5H         PUBLIC        EP6CS
  X:E6A6H         PUBLIC        EP8CS
  X:E68FH         PUBLIC        EP1INBC
  X:E662H         PUBLIC        USBERRIE
  X:E6C8H         PUBLIC        FLOWEQ0CTL
  X:E6C9H         PUBLIC        FLOWEQ1CTL
  X:E682H         PUBLIC        WAKEUPCS
  X:E6F1H         PUBLIC        XGPIFSGLDATLX
  X:E658H         PUBLIC        IBNIE
  X:E686H         PUBLIC        MICROFRAME
  X:E65AH         PUBLIC        NAKIE
  X:E6B8H         PUBLIC        SETUPDAT
  X:E62AH         PUBLIC        ECC1B0
  X:E62DH         PUBLIC        ECC2B0
  X:E62BH         PUBLIC        ECC1B1
  X:E6F3H         PUBLIC        GPIFREADYCFG
  X:E62EH         PUBLIC        ECC2B1
  X:E62CH         PUBLIC        ECC1B2
  X:E62FH         PUBLIC        ECC2B2
  X:E6A2H         PUBLIC        EP1INCS
  X:E606H         PUBLIC        BPADDRH
  X:E65CH         PUBLIC        USBIE
  X:E60AH         PUBLIC        REVID
BL51 BANKED LINKER/LOCATER V5.12                                                      05/13/2010  08:34:16  PAGE 25


  X:E607H         PUBLIC        BPADDRL
  X:E650H         PUBLIC        EP2FIFOIE
  -------         ENDMOD        EZREGS

  -------         MODULE        I2C
  C:0000H         SYMBOL        _ICE_DUMMY_
  B:00E8H.1       PUBLIC        EI2C
  B:00A8H.7       PUBLIC        EA
  D:0091H         PUBLIC        EXIF
  C:03F7H         PUBLIC        i2c_isr
  C:0B08H         PUBLIC        EZUSB_InitI2C
  D:0018H         PUBLIC        I2CPckt
  C:08F0H         PUBLIC        _EZUSB_WaitForEEPROMWrite
  C:095EH         PUBLIC        _EZUSB_ReadI2C_
  C:0992H         PUBLIC        _EZUSB_WriteI2C_
  -------         PROC          EZUSB_INITI2C
  C:0B08H         LINE#         40
  C:0B08H         LINE#         41
  C:0B08H         LINE#         42
  C:0B0BH         LINE#         44
  C:0B0DH         LINE#         45
  C:0B0FH         LINE#         50
  -------         ENDPROC       EZUSB_INITI2C
  -------         PROC          _EZUSB_WAITFOREEPROMWRITE
  D:0005H         SYMBOL        addr
  C:08F0H         LINE#         52
  C:08F2H         LINE#         53
  C:08F2H         LINE#         56
  C:08F9H         LINE#         60
  C:08FBH         LINE#         63
  C:08FBH         LINE#         64
  C:0902H         LINE#         65
  C:0909H         LINE#         66
  C:0910H         LINE#         67
  C:0917H         LINE#         68
  C:091EH         LINE#         69
  C:0925H         LINE#         72
  C:0927H         LINE#         74
  -------         ENDPROC       _EZUSB_WAITFOREEPROMWRITE
  -------         PROC          _EZUSB_WRITEI2C_
  D:0004H         SYMBOL        addr
  D:0005H         SYMBOL        length
  D:0002H         SYMBOL        dat
  C:0992H         LINE#         75
  C:0994H         LINE#         76
  C:0994H         LINE#         79
  C:099BH         LINE#         82
  C:099FH         LINE#         83
  C:099FH         LINE#         84
  C:09A6H         LINE#         85
  C:09ADH         LINE#         87
  C:09AFH         LINE#         88
  C:09BAH         LINE#         89
  C:09BDH         LINE#         90
  C:09C0H         LINE#         92
  C:09C2H         LINE#         93
  C:09C2H         LINE#         95
BL51 BANKED LINKER/LOCATER V5.12                                                      05/13/2010  08:34:16  PAGE 26


  C:09C3H         LINE#         96
  -------         ENDPROC       _EZUSB_WRITEI2C_
  -------         PROC          _EZUSB_READI2C_
  D:0004H         SYMBOL        addr
  D:0005H         SYMBOL        length
  D:0002H         SYMBOL        dat
  C:095EH         LINE#         98
  C:0960H         LINE#         99
  C:0960H         LINE#         102
  C:0967H         LINE#         105
  C:096BH         LINE#         106
  C:096BH         LINE#         107
  C:0972H         LINE#         108
  C:097BH         LINE#         110
  C:097DH         LINE#         111
  C:0988H         LINE#         112
  C:098BH         LINE#         113
  C:098EH         LINE#         115
  C:0990H         LINE#         116
  C:0990H         LINE#         118
  C:0991H         LINE#         119
  -------         ENDPROC       _EZUSB_READI2C_
  -------         PROC          I2C_ISR
  C:03F7H         LINE#         121
  C:0417H         LINE#         123
  C:041EH         LINE#         124
  C:0424H         LINE#         125
  C:0431H         LINE#         126
  C:0437H         LINE#         128
  C:0455H         LINE#         129
  C:0455H         LINE#         130
  C:0455H         LINE#         131
  C:046BH         LINE#         132
  C:0471H         LINE#         133
  C:0474H         LINE#         134
  C:0476H         LINE#         135
  C:0476H         LINE#         136
  C:048AH         LINE#         137
  C:048DH         LINE#         138
  C:0493H         LINE#         139
  C:049AH         LINE#         140
  C:049CH         LINE#         141
  C:049CH         LINE#         142
  C:04A3H         LINE#         143
  C:04AAH         LINE#         144
  C:04B0H         LINE#         145
  C:04B0H         LINE#         146
  C:04B7H         LINE#         147
  C:04BAH         LINE#         148
  C:04BAH         LINE#         149
  C:04CEH         LINE#         150
  C:04D0H         LINE#         151
  C:04D2H         LINE#         152
  C:04D2H         LINE#         153
  C:04D9H         LINE#         157
  C:04DCH         LINE#         159
  C:04DEH         LINE#         160
BL51 BANKED LINKER/LOCATER V5.12                                                      05/13/2010  08:34:16  PAGE 27


  C:04DEH         LINE#         161
  C:04E1H         LINE#         162
  C:04E1H         LINE#         163
  C:04E1H         LINE#         164
  C:04E4H         LINE#         165
  -------         ENDPROC       I2C_ISR
  -------         ENDMOD        I2C

  -------         MODULE        GET_STRD
  C:0000H         SYMBOL        _ICE_DUMMY_
  C:09C4H         PUBLIC        _EZUSB_GetStringDscr
  -------         PROC          _EZUSB_GETSTRINGDSCR
  D:0001H         SYMBOL        StrIdx
  -------         DO            
  D:0006H         SYMBOL        dscr
  -------         ENDDO         
  C:09C4H         LINE#         38
  C:09C6H         LINE#         39
  C:09C6H         LINE#         42
  C:09CAH         LINE#         44
  C:09D4H         LINE#         45
  C:09D4H         LINE#         46
  C:09DAH         LINE#         47
  C:09DBH         LINE#         48
  C:09E9H         LINE#         49
  C:09EBH         LINE#         51
  C:09EEH         LINE#         52
  -------         ENDPROC       _EZUSB_GETSTRINGDSCR
  -------         ENDMOD        GET_STRD

  -------         MODULE        SUSP
  C:0A15H         SEGMENT       EZUSB
  C:0A15H         PUBLIC        EZUSB_SUSP
  B:00D0H.6       SYMBOL        AC
  D:00E0H         SYMBOL        ACC
  D:009AH         SYMBOL        APTR1H
  D:009BH         SYMBOL        APTR1L
  D:009AH         SYMBOL        AUTOPTR1H
  D:009BH         SYMBOL        AUTOPTR1L
  D:009AH         SYMBOL        AUTOPTRH1
  D:009DH         SYMBOL        AUTOPTRH2
  D:009BH         SYMBOL        AUTOPTRL1
  D:009EH         SYMBOL        AUTOPTRL2
  D:00AFH         SYMBOL        AUTOPTRSETUP
  D:00F0H         SYMBOL        B
  X:E606H         SYMBOL        BPADDRH
  X:E607H         SYMBOL        BPADDRL
  X:E605H         SYMBOL        BREAKPT
  D:008EH         SYMBOL        CKCON
  X:E665H         SYMBOL        CLRERRCNT
  X:E600H         SYMBOL        CPUCS
  B:00C8H.0       SYMBOL        CP_RL2
  X:E6FBH         SYMBOL        CT1
  X:E6FCH         SYMBOL        CT2
  X:E6FDH         SYMBOL        CT3
  X:E6FEH         SYMBOL        CT4
  B:00D0H.7       SYMBOL        CY
BL51 BANKED LINKER/LOCATER V5.12                                                      05/13/2010  08:34:16  PAGE 28


  B:00C8H.1       SYMBOL        C_T2
  X:E6F8H         SYMBOL        DBUG
  D:0083H         SYMBOL        DPH
  D:0085H         SYMBOL        DPH1
  D:0082H         SYMBOL        DPL
  D:0084H         SYMBOL        DPL1
  D:0086H         SYMBOL        DPS
  B:00A8H.7       SYMBOL        EA
  X:E62AH         SYMBOL        ECC1B0
  X:E62BH         SYMBOL        ECC1B1
  X:E62CH         SYMBOL        ECC1B2
  X:E62DH         SYMBOL        ECC2B0
  X:E62EH         SYMBOL        ECC2B1
  X:E62FH         SYMBOL        ECC2B2
  X:E628H         SYMBOL        ECCCFG
  X:E629H         SYMBOL        ECCRESET
  B:00E8H.1       SYMBOL        EI2C
  D:00D8H         SYMBOL        EICON
  D:00E8H         SYMBOL        EIE
  B:00E8H.2       SYMBOL        EIEX4
  B:00E8H.3       SYMBOL        EIEX5
  B:00E8H.4       SYMBOL        EIEX6
  D:00F8H         SYMBOL        EIP
  B:00F8H.2       SYMBOL        EIPX4
  B:00F8H.3       SYMBOL        EIPX5
  B:00F8H.4       SYMBOL        EIPX6
  D:00BAH         SYMBOL        EP01STAT
  X:E68AH         SYMBOL        EP0BCH
  X:E68BH         SYMBOL        EP0BCL
  X:E740H         SYMBOL        EP0BUF
  X:E6A0H         SYMBOL        EP0CS
  X:E68FH         SYMBOL        EP1INBC
  X:E7C0H         SYMBOL        EP1INBUF
  X:E611H         SYMBOL        EP1INCFG
  X:E6A2H         SYMBOL        EP1INCS
  X:E68DH         SYMBOL        EP1OUTBC
  X:E780H         SYMBOL        EP1OUTBUF
  X:E610H         SYMBOL        EP1OUTCFG
  X:E6A1H         SYMBOL        EP1OUTCS
  D:00AAH         SYMBOL        EP2468STAT
  D:00ABH         SYMBOL        EP24FIFOFLGS
  X:E620H         SYMBOL        EP2AUTOINLENH
  X:E621H         SYMBOL        EP2AUTOINLENL
  X:E690H         SYMBOL        EP2BCH
  X:E691H         SYMBOL        EP2BCL
  X:E612H         SYMBOL        EP2CFG
  X:E6A3H         SYMBOL        EP2CS
  X:E6ABH         SYMBOL        EP2FIFOBCH
  X:E6ACH         SYMBOL        EP2FIFOBCL
  X:F000H         SYMBOL        EP2FIFOBUF
  X:E618H         SYMBOL        EP2FIFOCFG
  X:E6A7H         SYMBOL        EP2FIFOFLGS
  X:E650H         SYMBOL        EP2FIFOIE
  X:E651H         SYMBOL        EP2FIFOIRQ
  X:E630H         SYMBOL        EP2FIFOPFH
  X:E631H         SYMBOL        EP2FIFOPFL
  X:E6D2H         SYMBOL        EP2GPIFFLGSEL
BL51 BANKED LINKER/LOCATER V5.12                                                      05/13/2010  08:34:16  PAGE 29


  X:E6D3H         SYMBOL        EP2GPIFPFSTOP
  X:E6D0H         SYMBOL        EP2GPIFTCH
  X:E6D1H         SYMBOL        EP2GPIFTCL
  X:E6D4H         SYMBOL        EP2GPIFTRIG
  X:E640H         SYMBOL        EP2ISOINPKTS
  X:E622H         SYMBOL        EP4AUTOINLENH
  X:E623H         SYMBOL        EP4AUTOINLENL
  X:E694H         SYMBOL        EP4BCH
  X:E695H         SYMBOL        EP4BCL
  X:E613H         SYMBOL        EP4CFG
  X:E6A4H         SYMBOL        EP4CS
  X:E6ADH         SYMBOL        EP4FIFOBCH
  X:E6AEH         SYMBOL        EP4FIFOBCL
  X:F400H         SYMBOL        EP4FIFOBUF
  X:E619H         SYMBOL        EP4FIFOCFG
  X:E6A8H         SYMBOL        EP4FIFOFLGS
  X:E652H         SYMBOL        EP4FIFOIE
  X:E653H         SYMBOL        EP4FIFOIRQ
  X:E632H         SYMBOL        EP4FIFOPFH
  X:E633H         SYMBOL        EP4FIFOPFL
  X:E6DAH         SYMBOL        EP4GPIFFLGSEL
  X:E6DBH         SYMBOL        EP4GPIFPFSTOP
  X:E6D0H         SYMBOL        EP4GPIFTCH
  X:E6D1H         SYMBOL        EP4GPIFTCL
  X:E6DCH         SYMBOL        EP4GPIFTRIG
  X:E641H         SYMBOL        EP4ISOINPKTS
  D:00ACH         SYMBOL        EP68FIFOFLGS
  X:E624H         SYMBOL        EP6AUTOINLENH
  X:E625H         SYMBOL        EP6AUTOINLENL
  X:E698H         SYMBOL        EP6BCH
  X:E699H         SYMBOL        EP6BCL
  X:E614H         SYMBOL        EP6CFG
  X:E6A5H         SYMBOL        EP6CS
  X:E6AFH         SYMBOL        EP6FIFOBCH
  X:E6B0H         SYMBOL        EP6FIFOBCL
  X:F800H         SYMBOL        EP6FIFOBUF
  X:E61AH         SYMBOL        EP6FIFOCFG
  X:E6A9H         SYMBOL        EP6FIFOFLGS
  X:E654H         SYMBOL        EP6FIFOIE
  X:E655H         SYMBOL        EP6FIFOIRQ
  X:E634H         SYMBOL        EP6FIFOPFH
  X:E635H         SYMBOL        EP6FIFOPFL
  X:E6E2H         SYMBOL        EP6GPIFFLGSEL
  X:E6E3H         SYMBOL        EP6GPIFPFSTOP
  X:E6D0H         SYMBOL        EP6GPIFTCH
  X:E6D1H         SYMBOL        EP6GPIFTCL
  X:E6E4H         SYMBOL        EP6GPIFTRIG
  X:E642H         SYMBOL        EP6ISOINPKTS
  X:E626H         SYMBOL        EP8AUTOINLENH
  X:E627H         SYMBOL        EP8AUTOINLENL
  X:E69CH         SYMBOL        EP8BCH
  X:E69DH         SYMBOL        EP8BCL
  X:E615H         SYMBOL        EP8CFG
  X:E6A6H         SYMBOL        EP8CS
  X:E6B1H         SYMBOL        EP8FIFOBCH
  X:E6B2H         SYMBOL        EP8FIFOBCL
  X:FC00H         SYMBOL        EP8FIFOBUF
BL51 BANKED LINKER/LOCATER V5.12                                                      05/13/2010  08:34:16  PAGE 30


  X:E61BH         SYMBOL        EP8FIFOCFG
  X:E6AAH         SYMBOL        EP8FIFOFLGS
  X:E656H         SYMBOL        EP8FIFOIE
  X:E657H         SYMBOL        EP8FIFOIRQ
  X:E636H         SYMBOL        EP8FIFOPFH
  X:E637H         SYMBOL        EP8FIFOPFL
  X:E6EAH         SYMBOL        EP8GPIFFLGSEL
  X:E6EBH         SYMBOL        EP8GPIFPFSTOP
  X:E6D0H         SYMBOL        EP8GPIFTCH
  X:E6D1H         SYMBOL        EP8GPIFTCL
  X:E6ECH         SYMBOL        EP8GPIFTRIG
  X:E643H         SYMBOL        EP8ISOINPKTS
  X:E65EH         SYMBOL        EPIE
  X:E65FH         SYMBOL        EPIRQ
  B:00D8H.5       SYMBOL        ERESI
  X:E664H         SYMBOL        ERRCNTLIM
  C:0A28H         SYMBOL        ER_END
  B:00A8H.4       SYMBOL        ES0
  B:00A8H.6       SYMBOL        ES1
  B:00A8H.1       SYMBOL        ET0
  B:00A8H.3       SYMBOL        ET1
  B:00A8H.5       SYMBOL        ET2
  B:00E8H.0       SYMBOL        EUSB
  B:00A8H.0       SYMBOL        EX0
  B:00A8H.2       SYMBOL        EX1
  B:00C8H.3       SYMBOL        EXEN2
  B:00C8H.6       SYMBOL        EXF2
  D:0091H         SYMBOL        EXIF
  X:E67BH         SYMBOL        EXTAUTODAT1
  X:E67CH         SYMBOL        EXTAUTODAT2
  B:00D0H.5       SYMBOL        F0
  X:E609H         SYMBOL        FIFOPINPOLAR
  X:E604H         SYMBOL        FIFORESET
  B:00D0H.1       SYMBOL        FL
  X:E6CCH         SYMBOL        FLOWEDGE
  X:E6C8H         SYMBOL        FLOWEQ0CTL
  X:E6C9H         SYMBOL        FLOWEQ1CTL
  X:E6C7H         SYMBOL        FLOWLOGIC
  X:E6C6H         SYMBOL        FLOWSTATE
  X:E6CBH         SYMBOL        FLOWSTB
  X:E6CDH         SYMBOL        FLOWSTBHPERIOD
  X:E687H         SYMBOL        FNADDR
  X:E509H         SYMBOL        GPCR2
  X:E6F5H         SYMBOL        GPIFABORT
  X:E6C4H         SYMBOL        GPIFADRH
  X:E6C5H         SYMBOL        GPIFADRL
  X:E6C3H         SYMBOL        GPIFCTLCFG
  X:E60CH         SYMBOL        GPIFHOLDAMOUNT
  X:E6C1H         SYMBOL        GPIFIDLECS
  X:E6C2H         SYMBOL        GPIFIDLECTL
  X:E660H         SYMBOL        GPIFIE
  X:E661H         SYMBOL        GPIFIRQ
  X:E6F3H         SYMBOL        GPIFREADYCFG
  X:E6F4H         SYMBOL        GPIFREADYSTAT
  D:00BDH         SYMBOL        GPIFSGLDATH
  D:00BFH         SYMBOL        GPIFSGLDATLNOX
  D:00BEH         SYMBOL        GPIFSGLDATLX
BL51 BANKED LINKER/LOCATER V5.12                                                      05/13/2010  08:34:16  PAGE 31


  X:E6D1H         SYMBOL        GPIFTCB0
  X:E6D0H         SYMBOL        GPIFTCB1
  X:E6CFH         SYMBOL        GPIFTCB2
  X:E6CEH         SYMBOL        GPIFTCB3
  D:00BBH         SYMBOL        GPIFTRIG
  X:E6C0H         SYMBOL        GPIFWFSELECT
  X:E400H         SYMBOL        GPIF_WAVE_DATA
  X:E678H         SYMBOL        I2CS
  X:E67AH         SYMBOL        I2CTL
  X:E679H         SYMBOL        I2DAT
  X:E658H         SYMBOL        IBNIE
  X:E659H         SYMBOL        IBNIRQ
  D:00A8H         SYMBOL        IE
  B:0088H.1       SYMBOL        IE0
  B:0088H.3       SYMBOL        IE1
  X:E601H         SYMBOL        IFCONFIG
  X:E648H         SYMBOL        INPKTEND
  D:00A1H         SYMBOL        INT2CLR
  X:E666H         SYMBOL        INT2IVEC
  D:00A2H         SYMBOL        INT4CLR
  X:E667H         SYMBOL        INT4IVEC
  B:00D8H.3       SYMBOL        INT6
  X:E668H         SYMBOL        INTSETUP
  D:0080H         SYMBOL        IOA
  D:0090H         SYMBOL        IOB
  D:00A0H         SYMBOL        IOC
  D:00B0H         SYMBOL        IOD
  D:00B1H         SYMBOL        IOE
  D:00B8H         SYMBOL        IP
  B:0088H.0       SYMBOL        IT0
  B:0088H.2       SYMBOL        IT1
  X:E686H         SYMBOL        MICROFRAME
  D:0092H         SYMBOL        MPAGE
[...]
  B:00C0H.7       SYMBOL        SM01
  B:0098H.6       SYMBOL        SM1
BL51 BANKED LINKER/LOCATER V5.12                                                      05/13/2010  08:34:16  PAGE 33


  B:00C0H.6       SYMBOL        SM11
  B:0098H.5       SYMBOL        SM2
  B:00C0H.5       SYMBOL        SM21
  B:00D8H.7       SYMBOL        SMOD1
  D:0081H         SYMBOL        SP
  X:E6B5H         SYMBOL        SUDPTRCTL
  X:E6B3H         SYMBOL        SUDPTRH
  X:E6B4H         SYMBOL        SUDPTRL
  N:0000H         SYMBOL        SUSP
  X:E681H         SYMBOL        SUSPEND
  D:00C8H         SYMBOL        T2CON
  B:0098H.3       SYMBOL        TB8
  B:00C0H.3       SYMBOL        TB81
  B:00C8H.4       SYMBOL        TCLK
  D:0088H         SYMBOL        TCON
  X:E6F9H         SYMBOL        TESTCFG
  B:0088H.5       SYMBOL        TF0
  B:0088H.7       SYMBOL        TF1
  B:00C8H.7       SYMBOL        TF2
  D:008CH         SYMBOL        TH0
  D:008DH         SYMBOL        TH1
  D:00CDH         SYMBOL        TH2
  B:0098H.1       SYMBOL        TI
  B:00C0H.1       SYMBOL        TI1
  D:008AH         SYMBOL        TL0
  D:008BH         SYMBOL        TL1
  D:00CCH         SYMBOL        TL2
  D:0089H         SYMBOL        TMOD
  X:E683H         SYMBOL        TOGCTL
  B:0088H.4       SYMBOL        TR0
  B:0088H.6       SYMBOL        TR1
  B:00C8H.2       SYMBOL        TR2
  X:E608H         SYMBOL        UART230
  X:E67DH         SYMBOL        UDMACRCH
  X:E67EH         SYMBOL        UDMACRCL
  X:E67FH         SYMBOL        UDMACRCQUAL
  X:E680H         SYMBOL        USBCS
  X:E662H         SYMBOL        USBERRIE
  X:E663H         SYMBOL        USBERRIRQ
  X:E684H         SYMBOL        USBFRAMEH
  X:E685H         SYMBOL        USBFRAMEL
  X:E65CH         SYMBOL        USBIE
  X:E65DH         SYMBOL        USBIRQ
  X:E6FAH         SYMBOL        USBTEST
  X:E682H         SYMBOL        WAKEUPCS
  X:E6F0H         SYMBOL        XGPIFSGLDATH
  X:E6F2H         SYMBOL        XGPIFSGLDATLNOX
  X:E6F1H         SYMBOL        XGPIFSGLDATLX
  C:0A15H         LINE#         22
  C:0A18H         LINE#         23
  C:0A19H         LINE#         24
  C:0A1BH         LINE#         25
  C:0A1CH         LINE#         27
  C:0A1FH         LINE#         28
  C:0A20H         LINE#         30
  C:0A23H         LINE#         32
  C:0A24H         LINE#         33
BL51 BANKED LINKER/LOCATER V5.12                                                      05/13/2010  08:34:16  PAGE 34


  C:0A25H         LINE#         34
  C:0A26H         LINE#         35
  C:0A27H         LINE#         36
  C:0A28H         LINE#         37
  -------         ENDMOD        SUSP

  -------         MODULE        DELAY
  C:0000H         SYMBOL        _ICE_DUMMY_
  C:086DH         PUBLIC        _EZUSB_Delay
  -------         PROC          _EZUSB_DELAY
  D:001EH         SYMBOL        ms
  C:086DH         LINE#         39
  C:0871H         LINE#         40
  C:0871H         LINE#         46
  C:0879H         LINE#         47
  C:088BH         LINE#         48
  C:0895H         LINE#         49
  C:08A0H         LINE#         51
  C:08ADH         LINE#         52
  C:08B2H         LINE#         53
  -------         ENDPROC       _EZUSB_DELAY
  -------         ENDMOD        DELAY

  -------         MODULE        DELAY1MS
  C:0A15H         SEGMENT       EZUSB
  C:0A29H         PUBLIC        EZUSB_DELAY1MS
  B:00D0H.6       SYMBOL        AC
  D:00E0H         SYMBOL        ACC
  D:009AH         SYMBOL        APTR1H
  D:009BH         SYMBOL        APTR1L
  D:009AH         SYMBOL        AUTOPTR1H
  D:009BH         SYMBOL        AUTOPTR1L
  D:009AH         SYMBOL        AUTOPTRH1
  D:009DH         SYMBOL        AUTOPTRH2
  D:009BH         SYMBOL        AUTOPTRL1
  D:009EH         SYMBOL        AUTOPTRL2
  D:00AFH         SYMBOL        AUTOPTRSETUP
  D:00F0H         SYMBOL        B
  X:E606H         SYMBOL        BPADDRH
  X:E607H         SYMBOL        BPADDRL
  X:E605H         SYMBOL        BREAKPT
  D:008EH         SYMBOL        CKCON
  X:E665H         SYMBOL        CLRERRCNT
  X:E600H         SYMBOL        CPUCS
  B:00C8H.0       SYMBOL        CP_RL2
  X:E6FBH         SYMBOL        CT1
  X:E6FCH         SYMBOL        CT2
  X:E6FDH         SYMBOL        CT3
  X:E6FEH         SYMBOL        CT4
  B:00D0H.7       SYMBOL        CY
  B:00C8H.1       SYMBOL        C_T2
  X:E6F8H         SYMBOL        DBUG
  N:0000H         SYMBOL        DELAY1MS
  D:0083H         SYMBOL        DPH
  D:0085H         SYMBOL        DPH1
  D:0082H         SYMBOL        DPL
  D:0084H         SYMBOL        DPL1
BL51 BANKED LINKER/LOCATER V5.12                                                      05/13/2010  08:34:16  PAGE 35


  D:0086H         SYMBOL        DPS
  B:00A8H.7       SYMBOL        EA
  X:E62AH         SYMBOL        ECC1B0
  X:E62BH         SYMBOL        ECC1B1
  X:E62CH         SYMBOL        ECC1B2
  X:E62DH         SYMBOL        ECC2B0
  X:E62EH         SYMBOL        ECC2B1
  X:E62FH         SYMBOL        ECC2B2
  X:E628H         SYMBOL        ECCCFG
  X:E629H         SYMBOL        ECCRESET
  B:00E8H.1       SYMBOL        EI2C
  D:00D8H         SYMBOL        EICON
  D:00E8H         SYMBOL        EIE
  B:00E8H.2       SYMBOL        EIEX4
  B:00E8H.3       SYMBOL        EIEX5
  B:00E8H.4       SYMBOL        EIEX6
  D:00F8H         SYMBOL        EIP
  B:00F8H.2       SYMBOL        EIPX4
  B:00F8H.3       SYMBOL        EIPX5
  B:00F8H.4       SYMBOL        EIPX6
  D:00BAH         SYMBOL        EP01STAT
  X:E68AH         SYMBOL        EP0BCH
  X:E68BH         SYMBOL        EP0BCL
  X:E740H         SYMBOL        EP0BUF
  X:E6A0H         SYMBOL        EP0CS
  X:E68FH         SYMBOL        EP1INBC
  X:E7C0H         SYMBOL        EP1INBUF
  X:E611H         SYMBOL        EP1INCFG
  X:E6A2H         SYMBOL        EP1INCS
  X:E68DH         SYMBOL        EP1OUTBC
  X:E780H         SYMBOL        EP1OUTBUF
  X:E610H         SYMBOL        EP1OUTCFG
  X:E6A1H         SYMBOL        EP1OUTCS
  D:00AAH         SYMBOL        EP2468STAT
  D:00ABH         SYMBOL        EP24FIFOFLGS
  X:E620H         SYMBOL        EP2AUTOINLENH
  X:E621H         SYMBOL        EP2AUTOINLENL
  X:E690H         SYMBOL        EP2BCH
  X:E691H         SYMBOL        EP2BCL
  X:E612H         SYMBOL        EP2CFG
  X:E6A3H         SYMBOL        EP2CS
  X:E6ABH         SYMBOL        EP2FIFOBCH
  X:E6ACH         SYMBOL        EP2FIFOBCL
  X:F000H         SYMBOL        EP2FIFOBUF
  X:E618H         SYMBOL        EP2FIFOCFG
  X:E6A7H         SYMBOL        EP2FIFOFLGS
  X:E650H         SYMBOL        EP2FIFOIE
  X:E651H         SYMBOL        EP2FIFOIRQ
  X:E630H         SYMBOL        EP2FIFOPFH
  X:E631H         SYMBOL        EP2FIFOPFL
  X:E6D2H         SYMBOL        EP2GPIFFLGSEL
  X:E6D3H         SYMBOL        EP2GPIFPFSTOP
  X:E6D0H         SYMBOL        EP2GPIFTCH
  X:E6D1H         SYMBOL        EP2GPIFTCL
  X:E6D4H         SYMBOL        EP2GPIFTRIG
  X:E640H         SYMBOL        EP2ISOINPKTS
  X:E622H         SYMBOL        EP4AUTOINLENH
BL51 BANKED LINKER/LOCATER V5.12                                                      05/13/2010  08:34:16  PAGE 36


  X:E623H         SYMBOL        EP4AUTOINLENL
  X:E694H         SYMBOL        EP4BCH
  X:E695H         SYMBOL        EP4BCL
  X:E613H         SYMBOL        EP4CFG
  X:E6A4H         SYMBOL        EP4CS
  X:E6ADH         SYMBOL        EP4FIFOBCH
  X:E6AEH         SYMBOL        EP4FIFOBCL
  X:F400H         SYMBOL        EP4FIFOBUF
  X:E619H         SYMBOL        EP4FIFOCFG
  X:E6A8H         SYMBOL        EP4FIFOFLGS
  X:E652H         SYMBOL        EP4FIFOIE
  X:E653H         SYMBOL        EP4FIFOIRQ
  X:E632H         SYMBOL        EP4FIFOPFH
  X:E633H         SYMBOL        EP4FIFOPFL
  X:E6DAH         SYMBOL        EP4GPIFFLGSEL
  X:E6DBH         SYMBOL        EP4GPIFPFSTOP
  X:E6D0H         SYMBOL        EP4GPIFTCH
  X:E6D1H         SYMBOL        EP4GPIFTCL
  X:E6DCH         SYMBOL        EP4GPIFTRIG
  X:E641H         SYMBOL        EP4ISOINPKTS
  D:00ACH         SYMBOL        EP68FIFOFLGS
  X:E624H         SYMBOL        EP6AUTOINLENH
  X:E625H         SYMBOL        EP6AUTOINLENL
  X:E698H         SYMBOL        EP6BCH
  X:E699H         SYMBOL        EP6BCL
  X:E614H         SYMBOL        EP6CFG
  X:E6A5H         SYMBOL        EP6CS
  X:E6AFH         SYMBOL        EP6FIFOBCH
  X:E6B0H         SYMBOL        EP6FIFOBCL
  X:F800H         SYMBOL        EP6FIFOBUF
  X:E61AH         SYMBOL        EP6FIFOCFG
  X:E6A9H         SYMBOL        EP6FIFOFLGS
  X:E654H         SYMBOL        EP6FIFOIE
  X:E655H         SYMBOL        EP6FIFOIRQ
  X:E634H         SYMBOL        EP6FIFOPFH
  X:E635H         SYMBOL        EP6FIFOPFL
  X:E6E2H         SYMBOL        EP6GPIFFLGSEL
  X:E6E3H         SYMBOL        EP6GPIFPFSTOP
  X:E6D0H         SYMBOL        EP6GPIFTCH
  X:E6D1H         SYMBOL        EP6GPIFTCL
  X:E6E4H         SYMBOL        EP6GPIFTRIG
  X:E642H         SYMBOL        EP6ISOINPKTS
  X:E626H         SYMBOL        EP8AUTOINLENH
  X:E627H         SYMBOL        EP8AUTOINLENL
  X:E69CH         SYMBOL        EP8BCH
  X:E69DH         SYMBOL        EP8BCL
  X:E615H         SYMBOL        EP8CFG
  X:E6A6H         SYMBOL        EP8CS
  X:E6B1H         SYMBOL        EP8FIFOBCH
  X:E6B2H         SYMBOL        EP8FIFOBCL
  X:FC00H         SYMBOL        EP8FIFOBUF
  X:E61BH         SYMBOL        EP8FIFOCFG
  X:E6AAH         SYMBOL        EP8FIFOFLGS
  X:E656H         SYMBOL        EP8FIFOIE
  X:E657H         SYMBOL        EP8FIFOIRQ
  X:E636H         SYMBOL        EP8FIFOPFH
  X:E637H         SYMBOL        EP8FIFOPFL
BL51 BANKED LINKER/LOCATER V5.12                                                      05/13/2010  08:34:16  PAGE 37


  X:E6EAH         SYMBOL        EP8GPIFFLGSEL
  X:E6EBH         SYMBOL        EP8GPIFPFSTOP
  X:E6D0H         SYMBOL        EP8GPIFTCH
  X:E6D1H         SYMBOL        EP8GPIFTCL
  X:E6ECH         SYMBOL        EP8GPIFTRIG
  X:E643H         SYMBOL        EP8ISOINPKTS
  X:E65EH         SYMBOL        EPIE
  X:E65FH         SYMBOL        EPIRQ
  B:00D8H.5       SYMBOL        ERESI
  X:E664H         SYMBOL        ERRCNTLIM
  C:0A39H         SYMBOL        ER_END
  B:00A8H.4       SYMBOL        ES0
  B:00A8H.6       SYMBOL        ES1
  B:00A8H.1       SYMBOL        ET0
  B:00A8H.3       SYMBOL        ET1
  B:00A8H.5       SYMBOL        ET2
  B:00E8H.0       SYMBOL        EUSB
  B:00A8H.0       SYMBOL        EX0
  B:00A8H.2       SYMBOL        EX1
  B:00C8H.3       SYMBOL        EXEN2
  B:00C8H.6       SYMBOL        EXF2
  D:0091H         SYMBOL        EXIF
  X:E67BH         SYMBOL        EXTAUTODAT1
  X:E67CH         SYMBOL        EXTAUTODAT2
  B:00D0H.5       SYMBOL        F0
  X:E609H         SYMBOL        FIFOPINPOLAR
  X:E604H         SYMBOL        FIFORESET
  B:00D0H.1       SYMBOL        FL
  X:E6CCH         SYMBOL        FLOWEDGE
  X:E6C8H         SYMBOL        FLOWEQ0CTL
  X:E6C9H         SYMBOL        FLOWEQ1CTL
  X:E6C7H         SYMBOL        FLOWLOGIC
  X:E6C6H         SYMBOL        FLOWSTATE
  X:E6CBH         SYMBOL        FLOWSTB
  X:E6CDH         SYMBOL        FLOWSTBHPERIOD
  X:E687H         SYMBOL        FNADDR
  X:E509H         SYMBOL        GPCR2
  X:E6F5H         SYMBOL        GPIFABORT
  X:E6C4H         SYMBOL        GPIFADRH
  X:E6C5H         SYMBOL        GPIFADRL
  X:E6C3H         SYMBOL        GPIFCTLCFG
  X:E60CH         SYMBOL        GPIFHOLDAMOUNT
  X:E6C1H         SYMBOL        GPIFIDLECS
  X:E6C2H         SYMBOL        GPIFIDLECTL
  X:E660H         SYMBOL        GPIFIE
  X:E661H         SYMBOL        GPIFIRQ
  X:E6F3H         SYMBOL        GPIFREADYCFG
  X:E6F4H         SYMBOL        GPIFREADYSTAT
  D:00BDH         SYMBOL        GPIFSGLDATH
  D:00BFH         SYMBOL        GPIFSGLDATLNOX
  D:00BEH         SYMBOL        GPIFSGLDATLX
  X:E6D1H         SYMBOL        GPIFTCB0
  X:E6D0H         SYMBOL        GPIFTCB1
  X:E6CFH         SYMBOL        GPIFTCB2
  X:E6CEH         SYMBOL        GPIFTCB3
  D:00BBH         SYMBOL        GPIFTRIG
  X:E6C0H         SYMBOL        GPIFWFSELECT
BL51 BANKED LINKER/LOCATER V5.12                                                      05/13/2010  08:34:16  PAGE 38


  X:E400H         SYMBOL        GPIF_WAVE_DATA
  X:E678H         SYMBOL        I2CS
  X:E67AH         SYMBOL        I2CTL
  X:E679H         SYMBOL        I2DAT
  X:E658H         SYMBOL        IBNIE
  X:E659H         SYMBOL        IBNIRQ
  D:00A8H         SYMBOL        IE
  B:0088H.1       SYMBOL        IE0
  B:0088H.3       SYMBOL        IE1
  X:E601H         SYMBOL        IFCONFIG
  X:E648H         SYMBOL        INPKTEND
  D:00A1H         SYMBOL        INT2CLR
  X:E666H         SYMBOL        INT2IVEC
  D:00A2H         SYMBOL        INT4CLR
  X:E667H         SYMBOL        INT4IVEC
  B:00D8H.3       SYMBOL        INT6
  X:E668H         SYMBOL        INTSETUP
  D:0080H         SYMBOL        IOA
  D:0090H         SYMBOL        IOB
  D:00A0H         SYMBOL        IOC
  D:00B0H         SYMBOL        IOD
  D:00B1H         SYMBOL        IOE
  D:00B8H         SYMBOL        IP
  B:0088H.0       SYMBOL        IT0
  B:0088H.2       SYMBOL        IT1
  C:0A32H         SYMBOL        LOOP
  X:E686H         SYMBOL        MICROFRAME
  D:0092H         SYMBOL        MPAGE
  X:E65AH         SYMBOL        NAKIE
  X:E65BH         SYMBOL        NAKIRQ
  D:00B2H         SYMBOL        OEA
  D:00B3H         SYMBOL        OEB
  D:00B4H         SYMBOL        OEC
  D:00B5H         SYMBOL        OED
  D:00B6H         SYMBOL        OEE
  X:E649H         SYMBOL        OUTPKTEND
  B:00D0H.2       SYMBOL        OV
  B:00D0H.0       SYMBOL        P
  B:0080H.0       SYMBOL        PA0
  B:0080H.1       SYMBOL        PA1
  B:0080H.2       SYMBOL        PA2
  B:0080H.3       SYMBOL        PA3
  B:0080H.4       SYMBOL        PA4
  B:0080H.5       SYMBOL        PA5
  B:0080H.6       SYMBOL        PA6
  B:0080H.7       SYMBOL        PA7
  B:0090H.0       SYMBOL        PB0
  B:0090H.1       SYMBOL        PB1
  B:0090H.2       SYMBOL        PB2
  B:0090H.3       SYMBOL        PB3
  B:0090H.4       SYMBOL        PB4
  B:0090H.5       SYMBOL        PB5
  B:0090H.6       SYMBOL        PB6
  B:0090H.7       SYMBOL        PB7
  B:00A0H.0       SYMBOL        PC0
  B:00A0H.1       SYMBOL        PC1
  B:00A0H.2       SYMBOL        PC2
BL51 BANKED LINKER/LOCATER V5.12                                                      05/13/2010  08:34:16  PAGE 39


  B:00A0H.3       SYMBOL        PC3
  B:00A0H.4       SYMBOL        PC4
  B:00A0H.5       SYMBOL        PC5
  B:00A0H.6       SYMBOL        PC6
  B:00A0H.7       SYMBOL        PC7
  D:0087H         SYMBOL        PCON
  B:00B0H.0       SYMBOL        PD0
  B:00B0H.1       SYMBOL        PD1
  B:00B0H.2       SYMBOL        PD2
  B:00B0H.3       SYMBOL        PD3
  B:00B0H.4       SYMBOL        PD4
  B:00B0H.5       SYMBOL        PD5
  B:00B0H.6       SYMBOL        PD6
  B:00B0H.7       SYMBOL        PD7
  B:00F8H.1       SYMBOL        PI2C
  X:E602H         SYMBOL        PINFLAGSAB
  X:E603H         SYMBOL        PINFLAGSCD
  X:E670H         SYMBOL        PORTACFG
  X:E671H         SYMBOL        PORTCCFG
  X:E672H         SYMBOL        PORTECFG
  B:00B8H.4       SYMBOL        PS0
  B:00B8H.6       SYMBOL        PS1
  D:00D0H         SYMBOL        PSW
  B:00B8H.1       SYMBOL        PT0
  B:00B8H.3       SYMBOL        PT1
  B:00B8H.5       SYMBOL        PT2
  B:00F8H.0       SYMBOL        PUSB
  B:00B8H.0       SYMBOL        PX0
  B:00B8H.2       SYMBOL        PX1
  B:0098H.2       SYMBOL        RB8
  B:00C0H.2       SYMBOL        RB81
  D:00CBH         SYMBOL        RCAP2H
  D:00CAH         SYMBOL        RCAP2L
  B:00C8H.5       SYMBOL        RCLK
  B:0098H.4       SYMBOL        REN
  B:00C0H.4       SYMBOL        REN1
  B:00D8H.4       SYMBOL        RESI
  X:E480H         SYMBOL        RES_WAVEDATA_END
  X:E60BH         SYMBOL        REVCTL
  X:E60AH         SYMBOL        REVID
  B:0098H.0       SYMBOL        RI
  B:00C0H.0       SYMBOL        RI1
  B:00D0H.3       SYMBOL        RS0
  B:00D0H.4       SYMBOL        RS1
  D:0099H         SYMBOL        SBUF0
  D:00C1H         SYMBOL        SBUF1
  D:0098H         SYMBOL        SCON0
  D:00C0H         SYMBOL        SCON1
  X:E6B8H         SYMBOL        SETUPDAT
  B:0098H.7       SYMBOL        SM0
  B:00C0H.7       SYMBOL        SM01
  B:0098H.6       SYMBOL        SM1
  B:00C0H.6       SYMBOL        SM11
  B:0098H.5       SYMBOL        SM2
  B:00C0H.5       SYMBOL        SM21
  B:00D8H.7       SYMBOL        SMOD1
  D:0081H         SYMBOL        SP
BL51 BANKED LINKER/LOCATER V5.12                                                      05/13/2010  08:34:16  PAGE 40


  X:E6B5H         SYMBOL        SUDPTRCTL
  X:E6B3H         SYMBOL        SUDPTRH
  X:E6B4H         SYMBOL        SUDPTRL
  X:E681H         SYMBOL        SUSPEND
  D:00C8H         SYMBOL        T2CON
  B:0098H.3       SYMBOL        TB8
  B:00C0H.3       SYMBOL        TB81
  B:00C8H.4       SYMBOL        TCLK
  D:0088H         SYMBOL        TCON
  X:E6F9H         SYMBOL        TESTCFG
  B:0088H.5       SYMBOL        TF0
  B:0088H.7       SYMBOL        TF1
  B:00C8H.7       SYMBOL        TF2
  D:008CH         SYMBOL        TH0
  D:008DH         SYMBOL        TH1
  D:00CDH         SYMBOL        TH2
  B:0098H.1       SYMBOL        TI
  B:00C0H.1       SYMBOL        TI1
  D:008AH         SYMBOL        TL0
  D:008BH         SYMBOL        TL1
  D:00CCH         SYMBOL        TL2
  D:0089H         SYMBOL        TMOD
  X:E683H         SYMBOL        TOGCTL
  B:0088H.4       SYMBOL        TR0
  B:0088H.6       SYMBOL        TR1
  B:00C8H.2       SYMBOL        TR2
  X:E608H         SYMBOL        UART230
  X:E67DH         SYMBOL        UDMACRCH
  X:E67EH         SYMBOL        UDMACRCL
  X:E67FH         SYMBOL        UDMACRCQUAL
  X:E680H         SYMBOL        USBCS
  X:E662H         SYMBOL        USBERRIE
  X:E663H         SYMBOL        USBERRIRQ
  X:E684H         SYMBOL        USBFRAMEH
  X:E685H         SYMBOL        USBFRAMEL
  X:E65CH         SYMBOL        USBIE
  X:E65DH         SYMBOL        USBIRQ
  X:E6FAH         SYMBOL        USBTEST
  X:E682H         SYMBOL        WAKEUPCS
  X:E6F0H         SYMBOL        XGPIFSGLDATH
  X:E6F2H         SYMBOL        XGPIFSGLDATLNOX
  X:E6F1H         SYMBOL        XGPIFSGLDATLX
  C:0A29H         LINE#         48
  C:0A2BH         LINE#         49
  C:0A2DH         LINE#         50
  C:0A30H         LINE#         51
  C:0A32H         LINE#         53
  C:0A33H         LINE#         54
  C:0A35H         LINE#         55
  C:0A37H         LINE#         56
  C:0A39H         LINE#         58
  -------         ENDMOD        DELAY1MS

  -------         MODULE        ?C?CLDOPTR
  C:06B8H         PUBLIC        ?C?CLDOPTR
  -------         ENDMOD        ?C?CLDOPTR

BL51 BANKED LINKER/LOCATER V5.12                                                      05/13/2010  08:34:16  PAGE 41


  -------         MODULE        ?C?CSTOPTR
  C:06E5H         PUBLIC        ?C?CSTOPTR
  -------         ENDMOD        ?C?CSTOPTR

  -------         MODULE        ?C?ULCMP
  C:0707H         PUBLIC        ?C?ULCMP
  -------         ENDMOD        ?C?ULCMP

  -------         MODULE        ?C?LLDIIDATA
  C:0721H         PUBLIC        ?C?LLDIIDATA
  C:0718H         PUBLIC        ?C?LLDIIDATA1
  C:071AH         PUBLIC        ?C?LLDIIDATA8
  -------         ENDMOD        ?C?LLDIIDATA

Program Size: data=61.5 xdata=37244 code=2877
LINK/LOCATE RUN COMPLETE.  0 WARNING(S),  0 ERROR(S)
